Component: Arm Compiler for Embedded 6.23 Tool: armlink [5f102400]

==============================================================================

Section Cross References

    uart_debug.o(.text.UART_Config_debug) refers to stm32f10x_rcc.o(.text.RCC_APB2PeriphClockCmd) for RCC_APB2PeriphClockCmd
    uart_debug.o(.text.UART_Config_debug) refers to stm32f10x_gpio.o(.text.GPIO_Init) for GPIO_Init
    uart_debug.o(.text.UART_Config_debug) refers to stm32f10x_usart.o(.text.USART_Init) for USART_Init
    uart_debug.o(.text.UART_Config_debug) refers to stm32f10x_usart.o(.text.USART_Cmd) for USART_Cmd
    uart_debug.o(.ARM.exidx.text.UART_Config_debug) refers to uart_debug.o(.text.UART_Config_debug) for [Anonymous Symbol]
    uart_debug.o(.text.UART_SendChar) refers to stm32f10x_usart.o(.text.USART_SendData) for USART_SendData
    uart_debug.o(.text.UART_SendChar) refers to stm32f10x_usart.o(.text.USART_GetFlagStatus) for USART_GetFlagStatus
    uart_debug.o(.ARM.exidx.text.UART_SendChar) refers to uart_debug.o(.text.UART_SendChar) for [Anonymous Symbol]
    uart_debug.o(.text.UART_SendString) refers to uart_debug.o(.text.UART_SendChar) for UART_SendChar
    uart_debug.o(.ARM.exidx.text.UART_SendString) refers to uart_debug.o(.text.UART_SendString) for [Anonymous Symbol]
    main.o(.text.fputc) refers to stm32f10x_usart.o(.text.USART_SendData) for USART_SendData
    main.o(.text.fputc) refers to stm32f10x_usart.o(.text.USART_GetFlagStatus) for USART_GetFlagStatus
    main.o(.ARM.exidx.text.fputc) refers to main.o(.text.fputc) for [Anonymous Symbol]
    main.o(.text.SD_SPI1_Init) refers to stm32f10x_rcc.o(.text.RCC_APB2PeriphClockCmd) for RCC_APB2PeriphClockCmd
    main.o(.text.SD_SPI1_Init) refers to stm32f10x_gpio.o(.text.GPIO_Init) for GPIO_Init
    main.o(.text.SD_SPI1_Init) refers to stm32f10x_gpio.o(.text.GPIO_SetBits) for GPIO_SetBits
    main.o(.text.SD_SPI1_Init) refers to stm32f10x_spi.o(.text.SPI_Init) for SPI_Init
    main.o(.text.SD_SPI1_Init) refers to stm32f10x_spi.o(.text.SPI_Cmd) for SPI_Cmd
    main.o(.ARM.exidx.text.SD_SPI1_Init) refers to main.o(.text.SD_SPI1_Init) for [Anonymous Symbol]
    main.o(.text.main) refers to uart_debug.o(.text.UART_Config_debug) for UART_Config_debug
    main.o(.text.main) refers to delay.o(.text.Tim_init) for Tim_init
    main.o(.text.main) refers to rc522.o(.text.MFRC522_Init) for MFRC522_Init
    main.o(.text.main) refers to main.o(.text.SD_SPI1_Init) for SD_SPI1_Init
    main.o(.text.main) refers to pwm.o(.text.Tim_PWMinit) for Tim_PWMinit
    main.o(.text.main) refers to fatfs.o(.text.MX_FATFS_Init) for MX_FATFS_Init
    main.o(.text.main) refers to fatfs.o(.bss.USERFatFS) for USERFatFS
    main.o(.text.main) refers to main.o(.rodata.str1.1) for .L.str
    main.o(.text.main) refers to ff.o(.text.f_mount) for f_mount
    main.o(.text.main) refers to fatfs.o(.bss.USERFile) for USERFile
    main.o(.text.main) refers to ff.o(.text.f_open) for f_open
    main.o(.text.main) refers to ff.o(.text.f_lseek) for f_lseek
    main.o(.text.main) refers to printf.o(.text) for printf
    main.o(.text.main) refers to delay.o(.text.delay_ms) for delay_ms
    main.o(.text.main) refers to stm32f10x_tim.o(.text.TIM_SetCompare2) for TIM_SetCompare2
    main.o(.text.main) refers to main.o(.bss.status) for status
    main.o(.text.main) refers to main.o(.bss.str) for str
    main.o(.text.main) refers to rc522.o(.text.MFRC522_Request) for MFRC522_Request
    main.o(.text.main) refers to stm32f10x_gpio.o(.text.GPIO_SetBits) for GPIO_SetBits
    main.o(.text.main) refers to rc522.o(.text.MFRC522_Anticoll) for MFRC522_Anticoll
    main.o(.text.main) refers to main.o(.bss.UID) for UID
    main.o(.text.main) refers to sprintf.o(.text) for sprintf
    main.o(.text.main) refers to strlen.o(.text) for strlen
    main.o(.text.main) refers to ff.o(.text.f_write) for f_write
    main.o(.text.main) refers to ff.o(.text.f_sync) for f_sync
    main.o(.text.main) refers to main.o(.bss.check) for check
    main.o(.text.main) refers to rc522.o(.text.MFRC522_SelectTag) for MFRC522_SelectTag
    main.o(.text.main) refers to main.o(.data.Key) for Key
    main.o(.text.main) refers to rc522.o(.text.MFRC522_Auth) for MFRC522_Auth
    main.o(.ARM.exidx.text.main) refers to main.o(.text.main) for [Anonymous Symbol]
    main.o(.text.blink_led) refers to stm32f10x_gpio.o(.text.GPIO_ResetBits) for GPIO_ResetBits
    main.o(.text.blink_led) refers to delay.o(.text.delay_ms) for delay_ms
    main.o(.text.blink_led) refers to stm32f10x_gpio.o(.text.GPIO_SetBits) for GPIO_SetBits
    main.o(.ARM.exidx.text.blink_led) refers to main.o(.text.blink_led) for [Anonymous Symbol]
    rc522.o(.text.RC522_SPI_Transfer) refers to stm32f10x_spi.o(.text.SPI_I2S_GetFlagStatus) for SPI_I2S_GetFlagStatus
    rc522.o(.text.RC522_SPI_Transfer) refers to stm32f10x_spi.o(.text.SPI_I2S_SendData) for SPI_I2S_SendData
    rc522.o(.text.RC522_SPI_Transfer) refers to stm32f10x_spi.o(.text.SPI_I2S_ReceiveData) for SPI_I2S_ReceiveData
[...]
    [Anonymous Symbol]                       0x080032b4   Section        0  stm32f10x_usart.o(.text.USART_GetFlagStatus)
    [Anonymous Symbol]                       0x080032f8   Section        0  stm32f10x_usart.o(.text.USART_Init)
    [Anonymous Symbol]                       0x08003454   Section        0  stm32f10x_usart.o(.text.USART_SendData)
    [Anonymous Symbol]                       0x0800346c   Section        0  user_diskio.o(.text.USER_initialize)
    [Anonymous Symbol]                       0x08003480   Section        0  user_diskio.o(.text.USER_ioctl)
    [Anonymous Symbol]                       0x080034a0   Section        0  user_diskio.o(.text.USER_read)
    [Anonymous Symbol]                       0x080034c0   Section        0  user_diskio.o(.text.USER_status)
    [Anonymous Symbol]                       0x080034d4   Section        0  user_diskio.o(.text.USER_write)
    [Anonymous Symbol]                       0x080034f4   Section        0  rc522.o(.text.Write_MFRC522)
    check_fs                                 0x08003539   Thumb Code   186  ff.o(.text.check_fs)
    [Anonymous Symbol]                       0x08003538   Section        0  ff.o(.text.check_fs)
    chk_chr                                  0x080035f5   Thumb Code    60  ff.o(.text.chk_chr)
    [Anonymous Symbol]                       0x080035f4   Section        0  ff.o(.text.chk_chr)
    chk_lock                                 0x08003631   Thumb Code   284  ff.o(.text.chk_lock)
    [Anonymous Symbol]                       0x08003630   Section        0  ff.o(.text.chk_lock)
    clear_lock                               0x0800374d   Thumb Code    78  ff.o(.text.clear_lock)
    [Anonymous Symbol]                       0x0800374c   Section        0  ff.o(.text.clear_lock)
    clmt_clust                               0x0800379d   Thumb Code   120  ff.o(.text.clmt_clust)
    [Anonymous Symbol]                       0x0800379c   Section        0  ff.o(.text.clmt_clust)
    [Anonymous Symbol]                       0x08003814   Section        0  ff.o(.text.clust2sect)
    create_chain                             0x08003859   Thumb Code   366  ff.o(.text.create_chain)
    [Anonymous Symbol]                       0x08003858   Section        0  ff.o(.text.create_chain)
    create_name                              0x080039c9   Thumb Code   542  ff.o(.text.create_name)
    [Anonymous Symbol]                       0x080039c8   Section        0  ff.o(.text.create_name)
    [Anonymous Symbol]                       0x08003be8   Section        0  delay.o(.text.delay_ms)
    dir_alloc                                0x08003c1d   Thumb Code   172  ff.o(.text.dir_alloc)
    [Anonymous Symbol]                       0x08003c1c   Section        0  ff.o(.text.dir_alloc)
    dir_find                                 0x08003cc9   Thumb Code   180  ff.o(.text.dir_find)
    [Anonymous Symbol]                       0x08003cc8   Section        0  ff.o(.text.dir_find)
    dir_next                                 0x08003d7d   Thumb Code   622  ff.o(.text.dir_next)
    [Anonymous Symbol]                       0x08003d7c   Section        0  ff.o(.text.dir_next)
    dir_register                             0x08003fed   Thumb Code   120  ff.o(.text.dir_register)
    [Anonymous Symbol]                       0x08003fec   Section        0  ff.o(.text.dir_register)
    dir_sdi                                  0x08004065   Thumb Code   408  ff.o(.text.dir_sdi)
    [Anonymous Symbol]                       0x08004064   Section        0  ff.o(.text.dir_sdi)
    [Anonymous Symbol]                       0x080041fc   Section        0  diskio.o(.text.disk_initialize)
    [Anonymous Symbol]                       0x0800424c   Section        0  diskio.o(.text.disk_ioctl)
    [Anonymous Symbol]                       0x08004288   Section        0  diskio.o(.text.disk_read)
    [Anonymous Symbol]                       0x080042c4   Section        0  diskio.o(.text.disk_status)
    [Anonymous Symbol]                       0x080042f4   Section        0  diskio.o(.text.disk_write)
    enq_lock                                 0x08004331   Thumb Code    76  ff.o(.text.enq_lock)
    [Anonymous Symbol]                       0x08004330   Section        0  ff.o(.text.enq_lock)
    [Anonymous Symbol]                       0x0800437c   Section        0  ff.o(.text.f_lseek)
    [Anonymous Symbol]                       0x08004948   Section        0  ff.o(.text.f_mount)
    [Anonymous Symbol]                       0x080049f4   Section        0  ff.o(.text.f_open)
    [Anonymous Symbol]                       0x08004e1c   Section        0  ff.o(.text.f_sync)
    [Anonymous Symbol]                       0x08004f70   Section        0  ff.o(.text.f_write)
    find_volume                              0x08005399   Thumb Code  1382  ff.o(.text.find_volume)
    [Anonymous Symbol]                       0x08005398   Section        0  ff.o(.text.find_volume)
    follow_path                              0x08005901   Thumb Code   252  ff.o(.text.follow_path)
    [Anonymous Symbol]                       0x08005900   Section        0  ff.o(.text.follow_path)
    [Anonymous Symbol]                       0x080059fc   Section        0  main.o(.text.fputc)
    [Anonymous Symbol]                       0x08005a30   Section        0  ff.o(.text.get_fat)
    [Anonymous Symbol]                       0x08005bc0   Section        0  fatfs.o(.text.get_fattime)
    get_ldnumber                             0x08005bc5   Thumb Code   168  ff.o(.text.get_ldnumber)
    [Anonymous Symbol]                       0x08005bc4   Section        0  ff.o(.text.get_ldnumber)
    inc_lock                                 0x08005c6d   Thumb Code   408  ff.o(.text.inc_lock)
    [Anonymous Symbol]                       0x08005c6c   Section        0  ff.o(.text.inc_lock)
    ld_clust                                 0x08005e05   Thumb Code    52  ff.o(.text.ld_clust)
    [Anonymous Symbol]                       0x08005e04   Section        0  ff.o(.text.ld_clust)
    [Anonymous Symbol]                       0x08005e38   Section        0  main.o(.text.main)
    mem_cmp                                  0x080061c5   Thumb Code    82  ff.o(.text.mem_cmp)
    [Anonymous Symbol]                       0x080061c4   Section        0  ff.o(.text.mem_cmp)
    mem_cpy                                  0x08006219   Thumb Code    50  ff.o(.text.mem_cpy)
    [Anonymous Symbol]                       0x08006218   Section        0  ff.o(.text.mem_cpy)
    mem_set                                  0x0800624d   Thumb Code    40  ff.o(.text.mem_set)
    [Anonymous Symbol]                       0x0800624c   Section        0  ff.o(.text.mem_set)
    move_window                              0x08006275   Thumb Code   104  ff.o(.text.move_window)
    [Anonymous Symbol]                       0x08006274   Section        0  ff.o(.text.move_window)
    [Anonymous Symbol]                       0x080062dc   Section        0  ff.o(.text.put_fat)
    remove_chain                             0x08006519   Thumb Code   196  ff.o(.text.remove_chain)
    [Anonymous Symbol]                       0x08006518   Section        0  ff.o(.text.remove_chain)
    st_clust                                 0x080065dd   Thumb Code    40  ff.o(.text.st_clust)
    [Anonymous Symbol]                       0x080065dc   Section        0  ff.o(.text.st_clust)
    sync_fs                                  0x08006605   Thumb Code   310  ff.o(.text.sync_fs)
    [Anonymous Symbol]                       0x08006604   Section        0  ff.o(.text.sync_fs)
    sync_window                              0x0800673d   Thumb Code   172  ff.o(.text.sync_window)
    [Anonymous Symbol]                       0x0800673c   Section        0  ff.o(.text.sync_window)
    validate                                 0x080067e9   Thumb Code   116  ff.o(.text.validate)
    [Anonymous Symbol]                       0x080067e8   Section        0  ff.o(.text.validate)
    CL$$btod_d2e                             0x0800685c   Section       62  btod.o(CL$$btod_d2e)
    CL$$btod_d2e_denorm_low                  0x0800689a   Section       70  btod.o(CL$$btod_d2e_denorm_low)
    CL$$btod_d2e_norm_op1                    0x080068e0   Section       96  btod.o(CL$$btod_d2e_norm_op1)
    CL$$btod_div_common                      0x08006940   Section      824  btod.o(CL$$btod_div_common)
    CL$$btod_e2e                             0x08006c78   Section      220  btod.o(CL$$btod_e2e)
    CL$$btod_ediv                            0x08006d54   Section       42  btod.o(CL$$btod_ediv)
    CL$$btod_emul                            0x08006d7e   Section       42  btod.o(CL$$btod_emul)
    CL$$btod_mult_common                     0x08006da8   Section      580  btod.o(CL$$btod_mult_common)
    i.__ARM_fpclassify                       0x08006fec   Section        0  fpclassify.o(i.__ARM_fpclassify)
    i._is_digit                              0x08007014   Section        0  __printf_wp.o(i._is_digit)
    locale$$code                             0x08007024   Section       44  lc_numeric_c.o(locale$$code)
    locale$$code                             0x08007050   Section       44  lc_ctype_c.o(locale$$code)
    x$fpl$printf1                            0x0800707c   Section        4  printf1.o(x$fpl$printf1)
    x$fpl$printf2                            0x08007080   Section        4  printf2.o(x$fpl$printf2)
    initial_mbstate                          0x08007084   Data           8  _printf_wctomb.o(.constdata)
    .constdata                               0x08007084   Section        8  _printf_wctomb.o(.constdata)
    x$fpl$usenofp                            0x08007084   Section        0  usenofp.o(x$fpl$usenofp)
    uc_hextab                                0x0800708c   Data          20  _printf_hex_int_ll_ptr.o(.constdata)
    .constdata                               0x0800708c   Section       40  _printf_hex_int_ll_ptr.o(.constdata)
    lc_hextab                                0x080070a0   Data          20  _printf_hex_int_ll_ptr.o(.constdata)
    maptable                                 0x080070b4   Data          17  __printf_flags_ss_wp.o(.constdata)
    .constdata                               0x080070b4   Section       17  __printf_flags_ss_wp.o(.constdata)
    lc_hextab                                0x080070c5   Data          19  _printf_fp_hex.o(.constdata)
    .constdata                               0x080070c5   Section       38  _printf_fp_hex.o(.constdata)
    uc_hextab                                0x080070d8   Data          19  _printf_fp_hex.o(.constdata)
    tenpwrs_x                                0x080070ec   Data          60  bigflt0.o(.constdata)
    .constdata                               0x080070ec   Section      148  bigflt0.o(.constdata)
    tenpwrs_i                                0x08007128   Data          64  bigflt0.o(.constdata)
    ADCPrescTable                            0x08007180   Data           4  stm32f10x_rcc.o(.rodata.ADCPrescTable)
    [Anonymous Symbol]                       0x08007180   Section        0  stm32f10x_rcc.o(.rodata.ADCPrescTable)
    APBAHBPrescTable                         0x08007184   Data          16  stm32f10x_rcc.o(.rodata.APBAHBPrescTable)
    [Anonymous Symbol]                       0x08007184   Section        0  stm32f10x_rcc.o(.rodata.APBAHBPrescTable)
    ExCvt                                    0x08007194   Data         128  ff.o(.rodata.ExCvt)
    [Anonymous Symbol]                       0x08007194   Section        0  ff.o(.rodata.ExCvt)
    .L.str.7                                 0x08007214   Data          19  main.o(.rodata.str1.1)
    [Anonymous Symbol]                       0x08007214   Section        0  main.o(.rodata.str1.1)
    .L.str.3                                 0x08007227   Data          21  main.o(.rodata.str1.1)
    .L.str.2                                 0x0800723c   Data          11  main.o(.rodata.str1.1)
    .L.str.8                                 0x08007247   Data          19  main.o(.rodata.str1.1)
    .L.str.10                                0x0800725a   Data          19  main.o(.rodata.str1.1)
    .L.str.4                                 0x0800726d   Data          12  main.o(.rodata.str1.1)
    .L.str.11                                0x08007279   Data          11  main.o(.rodata.str1.1)
    .L.str.5                                 0x08007284   Data          19  main.o(.rodata.str1.1)
    .L.str.6                                 0x08007297   Data          36  main.o(.rodata.str1.1)
    .L.str.9                                 0x080072bb   Data          13  main.o(.rodata.str1.1)
    .L.str.1                                 0x080072c8   Data          11  main.o(.rodata.str1.1)
    .L.str                                   0x080072d3   Data          12  ff.o(.rodata.str1.1)
    [Anonymous Symbol]                       0x080072d3   Section        0  ff.o(.rodata.str1.1)
    .L.str.1                                 0x080072df   Data          20  ff.o(.rodata.str1.1)
    .L.str.2                                 0x080072f3   Data          20  ff.o(.rodata.str1.1)
    .L.str.3                                 0x08007307   Data          15  ff.o(.rodata.str1.1)
    .L.str                                   0x08007315   Data           1  ff.o(.rodata.str1.1)
    locale$$data                             0x08007338   Section       28  lc_numeric_c.o(locale$$data)
    __lcnum_c_name                           0x0800733c   Data           2  lc_numeric_c.o(locale$$data)
    __lcnum_c_start                          0x08007344   Data           0  lc_numeric_c.o(locale$$data)
    __lcnum_c_point                          0x08007350   Data           0  lc_numeric_c.o(locale$$data)
    __lcnum_c_thousands                      0x08007352   Data           0  lc_numeric_c.o(locale$$data)
    __lcnum_c_grouping                       0x08007353   Data           0  lc_numeric_c.o(locale$$data)
    __lcnum_c_end                            0x08007354   Data           0  lc_numeric_c.o(locale$$data)
    locale$$data                             0x08007354   Section      272  lc_ctype_c.o(locale$$data)
    __lcctype_c_name                         0x08007358   Data           2  lc_ctype_c.o(locale$$data)
    __lcctype_c_start                        0x08007360   Data           0  lc_ctype_c.o(locale$$data)
    __lcctype_c_end                          0x08007464   Data           0  lc_ctype_c.o(locale$$data)
    Stat                                     0x20000006   Data           1  fatfs_sd.o(.data.Stat)
    [Anonymous Symbol]                       0x20000006   Section        0  fatfs_sd.o(.data.Stat)
    .bss                                     0x20000020   Section       96  libspace.o(.bss)
    CardType                                 0x20000080   Data           1  fatfs_sd.o(.bss.CardType)
    [Anonymous Symbol]                       0x20000080   Section        0  fatfs_sd.o(.bss.CardType)
    FatFs                                    0x20000084   Data           4  ff.o(.bss.FatFs)
    [Anonymous Symbol]                       0x20000084   Section        0  ff.o(.bss.FatFs)
    Files                                    0x20000088   Data          12  ff.o(.bss.Files)
    [Anonymous Symbol]                       0x20000088   Section        0  ff.o(.bss.Files)
    Fsid                                     0x20000094   Data           2  ff.o(.bss.Fsid)
    [Anonymous Symbol]                       0x20000094   Section        0  ff.o(.bss.Fsid)
    PowerFlag                                0x20000096   Data           1  fatfs_sd.o(.bss.PowerFlag)
    [Anonymous Symbol]                       0x20000096   Section        0  fatfs_sd.o(.bss.PowerFlag)
    Heap_Mem                                 0x20002178   Data         512  startup_stm32f10x_md.o(HEAP)
    HEAP                                     0x20002178   Section      512  startup_stm32f10x_md.o(HEAP)
    Stack_Mem                                0x20002378   Data        1024  startup_stm32f10x_md.o(STACK)
    STACK                                    0x20002378   Section     1024  startup_stm32f10x_md.o(STACK)
    __initial_sp                             0x20002778   Data           0  startup_stm32f10x_md.o(STACK)

    Global Symbols

    Symbol Name                              Value     Ov Type        Size  Object(Section)

    BuildAttributes$$THM_ISAv4$P$D$K$B$S$PE$A:L22UL41UL21$X:L11$S22US41US21$IEEE1$IW$~IW$USESV6$~STKCKD$USESV7$~SHL$OTIME$ROPI$IEEEJ$EBA8$UX$STANDARDLIB$REQ8$PRES8$EABIv2 0x00000000   Number         0  anon$$obj.o ABSOLUTE
    __fp_init_empty                          0x00000000   Number         0  fpinit_empty.o ABSOLUTE
    _printf_flags                            0x00000000   Number         0  printf_stubs.o ABSOLUTE
    _printf_return_value                     0x00000000   Number         0  printf_stubs.o ABSOLUTE
    _printf_sizespec                         0x00000000   Number         0  printf_stubs.o ABSOLUTE
    _printf_widthprec                        0x00000000   Number         0  printf_stubs.o ABSOLUTE
    __ARM_exceptions_init                     - Undefined Weak Reference
    __alloca_initialize                       - Undefined Weak Reference
    __arm_preinit_                            - Undefined Weak Reference
    __arm_relocate_pie_                       - Undefined Weak Reference
    __cpp_initialize__aeabi_                  - Undefined Weak Reference
    __cxa_finalize                            - Undefined Weak Reference
    __sigvec_lookup                           - Undefined Weak Reference
    _atexit_init                              - Undefined Weak Reference
    _call_atexit_fns                          - Undefined Weak Reference
    _clock_init                               - Undefined Weak Reference
    _fp_trap_init                             - Undefined Weak Reference
    _fp_trap_shutdown                         - Undefined Weak Reference
    _get_lc_collate                           - Undefined Weak Reference
    _get_lc_monetary                          - Undefined Weak Reference
    _get_lc_time                              - Undefined Weak Reference
    _getenv_init                              - Undefined Weak Reference
    _handle_redirection                       - Undefined Weak Reference
    _init_alloc                               - Undefined Weak Reference
    _init_user_alloc                          - Undefined Weak Reference
    _initio                                   - Undefined Weak Reference
    _mutex_acquire                            - Undefined Weak Reference
    _mutex_release                            - Undefined Weak Reference
    _printf_mbtowc                            - Undefined Weak Reference
    _printf_wc                                - Undefined Weak Reference
    _rand_init                                - Undefined Weak Reference
    _signal_finish                            - Undefined Weak Reference
    _signal_init                              - Undefined Weak Reference
    _terminate_alloc                          - Undefined Weak Reference
    _terminate_user_alloc                     - Undefined Weak Reference
    _terminateio                              - Undefined Weak Reference
    __Vectors_Size                           0x000000ec   Number         0  startup_stm32f10x_md.o ABSOLUTE
    __Vectors                                0x08000000   Data           4  startup_stm32f10x_md.o(RESET)
    __Vectors_End                            0x080000ec   Data           0  startup_stm32f10x_md.o(RESET)
    __main                                   0x080000ed   Thumb Code     8  __main.o(!!!main)
    __scatterload                            0x080000f5   Thumb Code     0  __scatter.o(!!!scatter)
    __scatterload_rt2                        0x080000f5   Thumb Code    84  __scatter.o(!!!scatter)
    __scatterload_rt2_thumb_only             0x080000f5   Thumb Code     0  __scatter.o(!!!scatter)
    __scatterload_loop                       0x080000ff   Thumb Code     0  __scatter.o(!!!scatter)
    __scatterload_copy                       0x08000151   Thumb Code    26  __scatter_copy.o(!!handler_copy)
    __scatterload_null                       0x0800016d   Thumb Code     2  __scatter.o(!!handler_null)
    __scatterload_zeroinit                   0x08000171   Thumb Code    28  __scatter_zi.o(!!handler_zi)
    _printf_n                                0x0800018d   Thumb Code     0  _printf_n.o(.ARM.Collect$$_printf_percent$$00000001)
    _printf_percent                          0x0800018d   Thumb Code     0  _printf_percent.o(.ARM.Collect$$_printf_percent$$00000000)
    _printf_p                                0x08000193   Thumb Code     0  _printf_p.o(.ARM.Collect$$_printf_percent$$00000002)
    _printf_f                                0x08000199   Thumb Code     0  _printf_f.o(.ARM.Collect$$_printf_percent$$00000003)
    _printf_e                                0x0800019f   Thumb Code     0  _printf_e.o(.ARM.Collect$$_printf_percent$$00000004)
    _printf_g                                0x080001a5   Thumb Code     0  _printf_g.o(.ARM.Collect$$_printf_percent$$00000005)
    _printf_a                                0x080001ab   Thumb Code     0  _printf_a.o(.ARM.Collect$$_printf_percent$$00000006)
    _printf_ll                               0x080001b1   Thumb Code     0  _printf_ll.o(.ARM.Collect$$_printf_percent$$00000007)
    _printf_i                                0x080001bb   Thumb Code     0  _printf_i.o(.ARM.Collect$$_printf_percent$$00000008)
    _printf_d                                0x080001c1   Thumb Code     0  _printf_d.o(.ARM.Collect$$_printf_percent$$00000009)
    _printf_u                                0x080001c7   Thumb Code     0  _printf_u.o(.ARM.Collect$$_printf_percent$$0000000A)
    _printf_o                                0x080001cd   Thumb Code     0  _printf_o.o(.ARM.Collect$$_printf_percent$$0000000B)
    _printf_x                                0x080001d3   Thumb Code     0  _printf_x.o(.ARM.Collect$$_printf_percent$$0000000C)
    _printf_lli                              0x080001d9   Thumb Code     0  _printf_lli.o(.ARM.Collect$$_printf_percent$$0000000D)
    _printf_lld                              0x080001df   Thumb Code     0  _printf_lld.o(.ARM.Collect$$_printf_percent$$0000000E)
    _printf_llu                              0x080001e5   Thumb Code     0  _printf_llu.o(.ARM.Collect$$_printf_percent$$0000000F)
    _printf_llo                              0x080001eb   Thumb Code     0  _printf_llo.o(.ARM.Collect$$_printf_percent$$00000010)
    _printf_llx                              0x080001f1   Thumb Code     0  _printf_llx.o(.ARM.Collect$$_printf_percent$$00000011)
    _printf_l                                0x080001f7   Thumb Code     0  _printf_l.o(.ARM.Collect$$_printf_percent$$00000012)
    _printf_c                                0x08000201   Thumb Code     0  _printf_c.o(.ARM.Collect$$_printf_percent$$00000013)
    _printf_s                                0x08000207   Thumb Code     0  _printf_s.o(.ARM.Collect$$_printf_percent$$00000014)
    _printf_lc                               0x0800020d   Thumb Code     0  _printf_lc.o(.ARM.Collect$$_printf_percent$$00000015)
    _printf_ls                               0x08000213   Thumb Code     0  _printf_ls.o(.ARM.Collect$$_printf_percent$$00000016)
    _printf_percent_end                      0x08000219   Thumb Code     0  _printf_percent_end.o(.ARM.Collect$$_printf_percent$$00000017)
    __rt_lib_init                            0x0800021d   Thumb Code     0  libinit.o(.ARM.Collect$$libinit$$00000000)
    __rt_lib_init_fp_1                       0x0800021f   Thumb Code     0  libinit2.o(.ARM.Collect$$libinit$$00000002)
    __rt_lib_init_heap_1                     0x0800021f   Thumb Code     0  libinit2.o(.ARM.Collect$$libinit$$0000000C)
    __rt_lib_init_lc_common                  0x0800021f   Thumb Code     0  libinit2.o(.ARM.Collect$$libinit$$00000011)
    __rt_lib_init_preinit_1                  0x0800021f   Thumb Code     0  libinit2.o(.ARM.Collect$$libinit$$00000006)
    __rt_lib_init_rand_1                     0x0800021f   Thumb Code     0  libinit2.o(.ARM.Collect$$libinit$$00000010)
    __rt_lib_init_relocate_pie_1             0x0800021f   Thumb Code     0  libinit2.o(.ARM.Collect$$libinit$$00000004)
    __rt_lib_init_user_alloc_1               0x0800021f   Thumb Code     0  libinit2.o(.ARM.Collect$$libinit$$0000000E)
    __rt_lib_init_lc_collate_1               0x08000225   Thumb Code     0  libinit2.o(.ARM.Collect$$libinit$$00000013)
    __rt_lib_init_lc_ctype_2                 0x08000225   Thumb Code     0  libinit2.o(.ARM.Collect$$libinit$$00000014)
    __rt_lib_init_lc_ctype_1                 0x08000231   Thumb Code     0  libinit2.o(.ARM.Collect$$libinit$$00000015)
    __rt_lib_init_lc_monetary_1              0x08000231   Thumb Code     0  libinit2.o(.ARM.Collect$$libinit$$00000017)
    __rt_lib_init_lc_numeric_2               0x08000231   Thumb Code     0  libinit2.o(.ARM.Collect$$libinit$$00000018)
    __rt_lib_init_alloca_1                   0x0800023b   Thumb Code     0  libinit2.o(.ARM.Collect$$libinit$$00000030)
    __rt_lib_init_argv_1                     0x0800023b   Thumb Code     0  libinit2.o(.ARM.Collect$$libinit$$0000002E)
    __rt_lib_init_atexit_1                   0x0800023b   Thumb Code     0  libinit2.o(.ARM.Collect$$libinit$$0000001D)
    __rt_lib_init_clock_1                    0x0800023b   Thumb Code     0  libinit2.o(.ARM.Collect$$libinit$$00000023)
    __rt_lib_init_cpp_1                      0x0800023b   Thumb Code     0  libinit2.o(.ARM.Collect$$libinit$$00000034)
    __rt_lib_init_exceptions_1               0x0800023b   Thumb Code     0  libinit2.o(.ARM.Collect$$libinit$$00000032)
    __rt_lib_init_fp_trap_1                  0x0800023b   Thumb Code     0  libinit2.o(.ARM.Collect$$libinit$$00000021)
    __rt_lib_init_getenv_1                   0x0800023b   Thumb Code     0  libinit2.o(.ARM.Collect$$libinit$$00000025)
    __rt_lib_init_lc_numeric_1               0x0800023b   Thumb Code     0  libinit2.o(.ARM.Collect$$libinit$$00000019)
    __rt_lib_init_lc_time_1                  0x0800023b   Thumb Code     0  libinit2.o(.ARM.Collect$$libinit$$0000001B)
    __rt_lib_init_return                     0x0800023b   Thumb Code     0  libinit2.o(.ARM.Collect$$libinit$$00000035)
    __rt_lib_init_signal_1                   0x0800023b   Thumb Code     0  libinit2.o(.ARM.Collect$$libinit$$0000001F)
    __rt_lib_init_stdio_1                    0x0800023b   Thumb Code     0  libinit2.o(.ARM.Collect$$libinit$$00000027)
    __rt_lib_shutdown                        0x0800023d   Thumb Code     0  libshutdown.o(.ARM.Collect$$libshutdown$$00000000)
    __rt_lib_shutdown_cpp_1                  0x0800023f   Thumb Code     0  libshutdown2.o(.ARM.Collect$$libshutdown$$00000002)
    __rt_lib_shutdown_fp_trap_1              0x0800023f   Thumb Code     0  libshutdown2.o(.ARM.Collect$$libshutdown$$00000007)
    __rt_lib_shutdown_heap_1                 0x0800023f   Thumb Code     0  libshutdown2.o(.ARM.Collect$$libshutdown$$0000000F)
    __rt_lib_shutdown_return                 0x0800023f   Thumb Code     0  libshutdown2.o(.ARM.Collect$$libshutdown$$00000010)
    __rt_lib_shutdown_signal_1               0x0800023f   Thumb Code     0  libshutdown2.o(.ARM.Collect$$libshutdown$$0000000A)
    __rt_lib_shutdown_stdio_1                0x0800023f   Thumb Code     0  libshutdown2.o(.ARM.Collect$$libshutdown$$00000004)
    __rt_lib_shutdown_user_alloc_1           0x0800023f   Thumb Code     0  libshutdown2.o(.ARM.Collect$$libshutdown$$0000000C)
    __rt_entry                               0x08000241   Thumb Code     0  __rtentry.o(.ARM.Collect$$rtentry$$00000000)
    __rt_entry_presh_1                       0x08000241   Thumb Code     0  __rtentry2.o(.ARM.Collect$$rtentry$$00000002)
    __rt_entry_sh                            0x08000241   Thumb Code     0  __rtentry4.o(.ARM.Collect$$rtentry$$00000004)
    __rt_entry_li                            0x08000247   Thumb Code     0  __rtentry2.o(.ARM.Collect$$rtentry$$0000000A)
    __rt_entry_postsh_1                      0x08000247   Thumb Code     0  __rtentry2.o(.ARM.Collect$$rtentry$$00000009)
    __rt_entry_main                          0x0800024b   Thumb Code     0  __rtentry2.o(.ARM.Collect$$rtentry$$0000000D)
    __rt_entry_postli_1                      0x0800024b   Thumb Code     0  __rtentry2.o(.ARM.Collect$$rtentry$$0000000C)
    __rt_exit                                0x08000253   Thumb Code     0  rtexit.o(.ARM.Collect$$rtexit$$00000000)
    __rt_exit_ls                             0x08000255   Thumb Code     0  rtexit2.o(.ARM.Collect$$rtexit$$00000003)
    __rt_exit_prels_1                        0x08000255   Thumb Code     0  rtexit2.o(.ARM.Collect$$rtexit$$00000002)
    __rt_exit_exit                           0x08000259   Thumb Code     0  rtexit2.o(.ARM.Collect$$rtexit$$00000004)
    Reset_Handler                            0x08000261   Thumb Code     8  startup_stm32f10x_md.o(.text)
    NMI_Handler                              0x08000269   Thumb Code     2  startup_stm32f10x_md.o(.text)
    HardFault_Handler                        0x0800026b   Thumb Code     2  startup_stm32f10x_md.o(.text)
    MemManage_Handler                        0x0800026d   Thumb Code     2  startup_stm32f10x_md.o(.text)
    BusFault_Handler                         0x0800026f   Thumb Code     2  startup_stm32f10x_md.o(.text)
    UsageFault_Handler                       0x08000271   Thumb Code     2  startup_stm32f10x_md.o(.text)
    SVC_Handler                              0x08000273   Thumb Code     2  startup_stm32f10x_md.o(.text)
    DebugMon_Handler                         0x08000275   Thumb Code     2  startup_stm32f10x_md.o(.text)
    PendSV_Handler                           0x08000277   Thumb Code     2  startup_stm32f10x_md.o(.text)
    SysTick_Handler                          0x08000279   Thumb Code     2  startup_stm32f10x_md.o(.text)
    ADC1_2_IRQHandler                        0x0800027b   Thumb Code     0  startup_stm32f10x_md.o(.text)
    CAN1_RX1_IRQHandler                      0x0800027b   Thumb Code     0  startup_stm32f10x_md.o(.text)
    CAN1_SCE_IRQHandler                      0x0800027b   Thumb Code     0  startup_stm32f10x_md.o(.text)
    DMA1_Channel1_IRQHandler                 0x0800027b   Thumb Code     0  startup_stm32f10x_md.o(.text)
    DMA1_Channel2_IRQHandler                 0x0800027b   Thumb Code     0  startup_stm32f10x_md.o(.text)
    DMA1_Channel3_IRQHandler                 0x0800027b   Thumb Code     0  startup_stm32f10x_md.o(.text)
    DMA1_Channel4_IRQHandler                 0x0800027b   Thumb Code     0  startup_stm32f10x_md.o(.text)
    DMA1_Channel5_IRQHandler                 0x0800027b   Thumb Code     0  startup_stm32f10x_md.o(.text)
    DMA1_Channel6_IRQHandler                 0x0800027b   Thumb Code     0  startup_stm32f10x_md.o(.text)
    DMA1_Channel7_IRQHandler                 0x0800027b   Thumb Code     0  startup_stm32f10x_md.o(.text)
    EXTI0_IRQHandler                         0x0800027b   Thumb Code     0  startup_stm32f10x_md.o(.text)
    EXTI15_10_IRQHandler                     0x0800027b   Thumb Code     0  startup_stm32f10x_md.o(.text)
    EXTI1_IRQHandler                         0x0800027b   Thumb Code     0  startup_stm32f10x_md.o(.text)
    EXTI2_IRQHandler                         0x0800027b   Thumb Code     0  startup_stm32f10x_md.o(.text)
    EXTI3_IRQHandler                         0x0800027b   Thumb Code     0  startup_stm32f10x_md.o(.text)
    EXTI4_IRQHandler                         0x0800027b   Thumb Code     0  startup_stm32f10x_md.o(.text)
    EXTI9_5_IRQHandler                       0x0800027b   Thumb Code     0  startup_stm32f10x_md.o(.text)
    FLASH_IRQHandler                         0x0800027b   Thumb Code     0  startup_stm32f10x_md.o(.text)
    I2C1_ER_IRQHandler                       0x0800027b   Thumb Code     0  startup_stm32f10x_md.o(.text)
    I2C1_EV_IRQHandler                       0x0800027b   Thumb Code     0  startup_stm32f10x_md.o(.text)
    I2C2_ER_IRQHandler                       0x0800027b   Thumb Code     0  startup_stm32f10x_md.o(.text)
    I2C2_EV_IRQHandler                       0x0800027b   Thumb Code     0  startup_stm32f10x_md.o(.text)
    PVD_IRQHandler                           0x0800027b   Thumb Code     0  startup_stm32f10x_md.o(.text)
    RCC_IRQHandler                           0x0800027b   Thumb Code     0  startup_stm32f10x_md.o(.text)
    RTCAlarm_IRQHandler                      0x0800027b   Thumb Code     0  startup_stm32f10x_md.o(.text)
    RTC_IRQHandler                           0x0800027b   Thumb Code     0  startup_stm32f10x_md.o(.text)
    SPI1_IRQHandler                          0x0800027b   Thumb Code     0  startup_stm32f10x_md.o(.text)
    SPI2_IRQHandler                          0x0800027b   Thumb Code     0  startup_stm32f10x_md.o(.text)
    TAMPER_IRQHandler                        0x0800027b   Thumb Code     0  startup_stm32f10x_md.o(.text)
    TIM1_BRK_IRQHandler                      0x0800027b   Thumb Code     0  startup_stm32f10x_md.o(.text)
    TIM1_CC_IRQHandler                       0x0800027b   Thumb Code     0  startup_stm32f10x_md.o(.text)
    TIM1_TRG_COM_IRQHandler                  0x0800027b   Thumb Code     0  startup_stm32f10x_md.o(.text)
    TIM1_UP_IRQHandler                       0x0800027b   Thumb Code     0  startup_stm32f10x_md.o(.text)
    TIM2_IRQHandler                          0x0800027b   Thumb Code     0  startup_stm32f10x_md.o(.text)
    TIM3_IRQHandler                          0x0800027b   Thumb Code     0  startup_stm32f10x_md.o(.text)
    TIM4_IRQHandler                          0x0800027b   Thumb Code     0  startup_stm32f10x_md.o(.text)
    USART1_IRQHandler                        0x0800027b   Thumb Code     0  startup_stm32f10x_md.o(.text)
    USART2_IRQHandler                        0x0800027b   Thumb Code     0  startup_stm32f10x_md.o(.text)
    USART3_IRQHandler                        0x0800027b   Thumb Code     0  startup_stm32f10x_md.o(.text)
    USBWakeUp_IRQHandler                     0x0800027b   Thumb Code     0  startup_stm32f10x_md.o(.text)
    USB_HP_CAN1_TX_IRQHandler                0x0800027b   Thumb Code     0  startup_stm32f10x_md.o(.text)
    USB_LP_CAN1_RX0_IRQHandler               0x0800027b   Thumb Code     0  startup_stm32f10x_md.o(.text)
    WWDG_IRQHandler                          0x0800027b   Thumb Code     0  startup_stm32f10x_md.o(.text)
    __user_initial_stackheap                 0x0800027d   Thumb Code     0  startup_stm32f10x_md.o(.text)
    printf                                   0x080002a1   Thumb Code    20  printf.o(.text)
    sprintf                                  0x080002b9   Thumb Code    38  sprintf.o(.text)
    strlen                                   0x080002e5   Thumb Code    62  strlen.o(.text)
    __use_two_region_memory                  0x08000323   Thumb Code     2  heapauxi.o(.text)
    __rt_heap_escrow$2region                 0x08000325   Thumb Code     2  heapauxi.o(.text)
    __rt_heap_expand$2region                 0x08000327   Thumb Code     2  heapauxi.o(.text)
    _printf_pre_padding                      0x08000329   Thumb Code    44  _printf_pad.o(.text)
    _printf_post_padding                     0x08000355   Thumb Code    34  _printf_pad.o(.text)
    _printf_truncate_signed                  0x08000377   Thumb Code    18  _printf_truncate.o(.text)
    _printf_truncate_unsigned                0x08000389   Thumb Code    18  _printf_truncate.o(.text)
    _printf_str                              0x0800039b   Thumb Code    82  _printf_str.o(.text)
    _printf_int_dec                          0x080003ed   Thumb Code   104  _printf_dec.o(.text)
    _printf_charcount                        0x08000465   Thumb Code    40  _printf_charcount.o(.text)
    _printf_char_common                      0x08000497   Thumb Code    32  _printf_char_common.o(.text)
    _sputc                                   0x080004bd   Thumb Code    10  _sputc.o(.text)
    _printf_char_file                        0x080004c9   Thumb Code    32  _printf_char_file.o(.text)
    _printf_wctomb                           0x080004ed   Thumb Code   182  _printf_wctomb.o(.text)
    _printf_longlong_dec                     0x080005a9   Thumb Code   108  _printf_longlong_dec.o(.text)
    _printf_longlong_oct                     0x08000625   Thumb Code    68  _printf_oct_int_ll.o(.text)
    _printf_int_oct                          0x08000669   Thumb Code    24  _printf_oct_int_ll.o(.text)
    _printf_ll_oct                           0x08000681   Thumb Code    12  _printf_oct_int_ll.o(.text)
    _printf_longlong_hex                     0x08000695   Thumb Code    86  _printf_hex_int_ll_ptr.o(.text)
    _printf_int_hex                          0x080006eb   Thumb Code    28  _printf_hex_int_ll_ptr.o(.text)
    _printf_ll_hex                           0x08000707   Thumb Code    12  _printf_hex_int_ll_ptr.o(.text)
    _printf_hex_ptr                          0x08000713   Thumb Code    18  _printf_hex_int_ll_ptr.o(.text)
    __printf                                 0x08000729   Thumb Code   388  __printf_flags_ss_wp.o(.text)
    _ll_udiv10                               0x080008b1   Thumb Code   138  lludiv10.o(.text)
    _printf_int_common                       0x0800093b   Thumb Code   178  _printf_intcommon.o(.text)
    _printf_fp_dec_real                      0x08000b9d   Thumb Code   620  _printf_fp_dec.o(.text)
    _printf_fp_hex_real                      0x08000e09   Thumb Code   756  _printf_fp_hex.o(.text)
    _printf_cs_common                        0x08001105   Thumb Code    20  _printf_char.o(.text)
    _printf_char                             0x08001119   Thumb Code    16  _printf_char.o(.text)
    _printf_string                           0x08001129   Thumb Code     8  _printf_char.o(.text)
    _printf_lcs_common                       0x08001131   Thumb Code    20  _printf_wchar.o(.text)
    _printf_wchar                            0x08001145   Thumb Code    16  _printf_wchar.o(.text)
    _printf_wstring                          0x08001155   Thumb Code     8  _printf_wchar.o(.text)
    ferror                                   0x0800115d   Thumb Code     8  ferror.o(.text)
    _c16rtomb                                0x08001165   Thumb Code    72  _c16rtomb.o(.text)
    _wcrtomb                                 0x08001165   Thumb Code     0  _c16rtomb.o(.text)
    __user_setup_stackheap                   0x080011ad   Thumb Code    74  sys_stackheap_outer.o(.text)
    __rt_ctype_table                         0x080011f9   Thumb Code    16  rt_ctype_table.o(.text)
    __rt_locale                              0x08001209   Thumb Code     8  rt_locale_intlibspace.o(.text)
    _printf_fp_infnan                        0x08001211   Thumb Code   112  _printf_fp_infnan.o(.text)
    _btod_etento                             0x08001291   Thumb Code   224  bigflt0.o(.text)
    exit                                     0x08001375   Thumb Code    18  exit.o(.text)
    __user_libspace                          0x08001389   Thumb Code     8  libspace.o(.text)
    __user_perproc_libspace                  0x08001389   Thumb Code     0  libspace.o(.text)
    __user_perthread_libspace                0x08001389   Thumb Code     0  libspace.o(.text)
    strcmp                                   0x08001391   Thumb Code   128  strcmpv7m.o(.text)
    _sys_exit                                0x08001411   Thumb Code     8  sys_exit.o(.text)
    __I$use$semihosting                      0x0800141d   Thumb Code     0  use_no_semi.o(.text)
    __use_no_semihosting_swi                 0x0800141d   Thumb Code     2  use_no_semi.o(.text)
    __semihosting_library_function           0x0800141f   Thumb Code     0  indicate_semi.o(.text)
    AntennaOn                                0x08001421   Thumb Code    24  rc522.o(.text.AntennaOn)
    CalulateCRC                              0x08001439   Thumb Code   180  rc522.o(.text.CalulateCRC)
    ClearBitMask                             0x080014ed   Thumb Code    46  rc522.o(.text.ClearBitMask)
    FATFS_LinkDriver                         0x08001531   Thumb Code    22  ff_gen_drv.o(.text.FATFS_LinkDriver)
    FATFS_LinkDriverEx                       0x08001549   Thumb Code   124  ff_gen_drv.o(.text.FATFS_LinkDriverEx)
    GPIO_Init                                0x080015c5   Thumb Code   390  stm32f10x_gpio.o(.text.GPIO_Init)
    GPIO_ResetBits                           0x0800174d   Thumb Code    20  stm32f10x_gpio.o(.text.GPIO_ResetBits)
    GPIO_SetBits                             0x08001761   Thumb Code    20  stm32f10x_gpio.o(.text.GPIO_SetBits)
    MFRC522_Anticoll                         0x08001775   Thumb Code   146  rc522.o(.text.MFRC522_Anticoll)
    MFRC522_Auth                             0x08001809   Thumb Code   190  rc522.o(.text.MFRC522_Auth)
    MFRC522_Init                             0x080018c9   Thumb Code   150  rc522.o(.text.MFRC522_Init)
    MFRC522_Request                          0x08001961   Thumb Code    80  rc522.o(.text.MFRC522_Request)
    MFRC522_Reset                            0x080019b1   Thumb Code    12  rc522.o(.text.MFRC522_Reset)
    MFRC522_SPI_Init                         0x080019bd   Thumb Code   138  rc522.o(.text.MFRC522_SPI_Init)
    MFRC522_SelectTag                        0x08001a49   Thumb Code   144  rc522.o(.text.MFRC522_SelectTag)
    MFRC522_ToCard                           0x08001ad9   Thumb Code   510  rc522.o(.text.MFRC522_ToCard)
    MX_FATFS_Init                            0x08001cd9   Thumb Code    34  fatfs.o(.text.MX_FATFS_Init)
    RC522_SPI_Transfer                       0x08001cfd   Thumb Code    86  rc522.o(.text.RC522_SPI_Transfer)
    RCC_APB1PeriphClockCmd                   0x08001d55   Thumb Code    56  stm32f10x_rcc.o(.text.RCC_APB1PeriphClockCmd)
    RCC_APB2PeriphClockCmd                   0x08001d8d   Thumb Code    56  stm32f10x_rcc.o(.text.RCC_APB2PeriphClockCmd)
    RCC_GetClocksFreq                        0x08001dc5   Thumb Code   370  stm32f10x_rcc.o(.text.RCC_GetClocksFreq)
    Read_MFRC522                             0x08001f39   Thumb Code    70  rc522.o(.text.Read_MFRC522)
    SD_SPI1_Init                             0x08002131   Thumb Code   180  main.o(.text.SD_SPI1_Init)
    SD_disk_initialize                       0x08002395   Thumb Code   580  fatfs_sd.o(.text.SD_disk_initialize)
    SD_disk_ioctl                            0x080025d9   Thumb Code   574  fatfs_sd.o(.text.SD_disk_ioctl)
    SD_disk_read                             0x08002819   Thumb Code   226  fatfs_sd.o(.text.SD_disk_read)
    SD_disk_status                           0x080028fd   Thumb Code    46  fatfs_sd.o(.text.SD_disk_status)
    SD_disk_write                            0x0800292d   Thumb Code   294  fatfs_sd.o(.text.SD_disk_write)
    SPI_Cmd                                  0x08002a69   Thumb Code    44  stm32f10x_spi.o(.text.SPI_Cmd)
    SPI_I2S_GetFlagStatus                    0x08002a95   Thumb Code    54  stm32f10x_spi.o(.text.SPI_I2S_GetFlagStatus)
    SPI_I2S_ReceiveData                      0x08002acd   Thumb Code    12  stm32f10x_spi.o(.text.SPI_I2S_ReceiveData)
    SPI_I2S_SendData                         0x08002ad9   Thumb Code    20  stm32f10x_spi.o(.text.SPI_I2S_SendData)
    SPI_Init                                 0x08002aed   Thumb Code   104  stm32f10x_spi.o(.text.SPI_Init)
    SetBitMask                               0x08002c19   Thumb Code    46  rc522.o(.text.SetBitMask)
    SystemInit                               0x08002d75   Thumb Code   102  system_stm32f10x.o(.text.SystemInit)
    TIM_Cmd                                  0x08002ddd   Thumb Code    44  stm32f10x_tim.o(.text.TIM_Cmd)
    TIM_GetCounter                           0x08002e09   Thumb Code    12  stm32f10x_tim.o(.text.TIM_GetCounter)
    TIM_OC2Init                              0x08002e15   Thumb Code   320  stm32f10x_tim.o(.text.TIM_OC2Init)
    TIM_OC2PreloadConfig                     0x08002f55   Thumb Code    62  stm32f10x_tim.o(.text.TIM_OC2PreloadConfig)
    TIM_SetCompare2                          0x08002f95   Thumb Code    20  stm32f10x_tim.o(.text.TIM_SetCompare2)
    TIM_SetCounter                           0x08002fa9   Thumb Code    20  stm32f10x_tim.o(.text.TIM_SetCounter)
    TIM_TimeBaseInit                         0x08002fbd   Thumb Code   322  stm32f10x_tim.o(.text.TIM_TimeBaseInit)
    Tim_PWMinit                              0x08003101   Thumb Code   150  pwm.o(.text.Tim_PWMinit)
    Tim_init                                 0x08003199   Thumb Code    70  delay.o(.text.Tim_init)
    UART_Config_debug                        0x080031e1   Thumb Code   168  uart_debug.o(.text.UART_Config_debug)
    USART_Cmd                                0x08003289   Thumb Code    44  stm32f10x_usart.o(.text.USART_Cmd)
    USART_GetFlagStatus                      0x080032b5   Thumb Code    68  stm32f10x_usart.o(.text.USART_GetFlagStatus)
    USART_Init                               0x080032f9   Thumb Code   348  stm32f10x_usart.o(.text.USART_Init)
    USART_SendData                           0x08003455   Thumb Code    24  stm32f10x_usart.o(.text.USART_SendData)
    USER_initialize                          0x0800346d   Thumb Code    20  user_diskio.o(.text.USER_initialize)
    USER_ioctl                               0x08003481   Thumb Code    32  user_diskio.o(.text.USER_ioctl)
    USER_read                                0x080034a1   Thumb Code    32  user_diskio.o(.text.USER_read)
    USER_status                              0x080034c1   Thumb Code    20  user_diskio.o(.text.USER_status)
    USER_write                               0x080034d5   Thumb Code    32  user_diskio.o(.text.USER_write)
    Write_MFRC522                            0x080034f5   Thumb Code    66  rc522.o(.text.Write_MFRC522)
    clust2sect                               0x08003815   Thumb Code    66  ff.o(.text.clust2sect)
    delay_ms                                 0x08003be9   Thumb Code    52  delay.o(.text.delay_ms)
    disk_initialize                          0x080041fd   Thumb Code    80  diskio.o(.text.disk_initialize)
    disk_ioctl                               0x0800424d   Thumb Code    58  diskio.o(.text.disk_ioctl)
    disk_read                                0x08004289   Thumb Code    60  diskio.o(.text.disk_read)
    disk_status                              0x080042c5   Thumb Code    46  diskio.o(.text.disk_status)
    disk_write                               0x080042f5   Thumb Code    60  diskio.o(.text.disk_write)
    f_lseek                                  0x0800437d   Thumb Code  1484  ff.o(.text.f_lseek)
    f_mount                                  0x08004949   Thumb Code   172  ff.o(.text.f_mount)
    f_open                                   0x080049f5   Thumb Code  1064  ff.o(.text.f_open)
    f_sync                                   0x08004e1d   Thumb Code   340  ff.o(.text.f_sync)
    f_write                                  0x08004f71   Thumb Code  1064  ff.o(.text.f_write)
    fputc                                    0x080059fd   Thumb Code    52  main.o(.text.fputc)
    get_fat                                  0x08005a31   Thumb Code   398  ff.o(.text.get_fat)
    get_fattime                              0x08005bc1   Thumb Code     4  fatfs.o(.text.get_fattime)
    main                                     0x08005e39   Thumb Code   906  main.o(.text.main)
    put_fat                                  0x080062dd   Thumb Code   572  ff.o(.text.put_fat)
    _btod_d2e                                0x0800685d   Thumb Code    62  btod.o(CL$$btod_d2e)
    _d2e_denorm_low                          0x0800689b   Thumb Code    70  btod.o(CL$$btod_d2e_denorm_low)
    _d2e_norm_op1                            0x080068e1   Thumb Code    96  btod.o(CL$$btod_d2e_norm_op1)
    __btod_div_common                        0x08006941   Thumb Code   696  btod.o(CL$$btod_div_common)
    _e2e                                     0x08006c79   Thumb Code   220  btod.o(CL$$btod_e2e)
    _btod_ediv                               0x08006d55   Thumb Code    42  btod.o(CL$$btod_ediv)
    _btod_emul                               0x08006d7f   Thumb Code    42  btod.o(CL$$btod_emul)
    __btod_mult_common                       0x08006da9   Thumb Code   580  btod.o(CL$$btod_mult_common)
    __ARM_fpclassify                         0x08006fed   Thumb Code    40  fpclassify.o(i.__ARM_fpclassify)
    _is_digit                                0x08007015   Thumb Code    14  __printf_wp.o(i._is_digit)
    _get_lc_numeric                          0x08007025   Thumb Code    44  lc_numeric_c.o(locale$$code)
    _get_lc_ctype                            0x08007051   Thumb Code    44  lc_ctype_c.o(locale$$code)
    _printf_fp_dec                           0x0800707d   Thumb Code     4  printf1.o(x$fpl$printf1)
    _printf_fp_hex                           0x08007081   Thumb Code     4  printf2.o(x$fpl$printf2)
    __I$use$fp                               0x08007084   Number         0  usenofp.o(x$fpl$usenofp)
    Region$$Table$$Base                      0x08007318   Number         0  anon$$obj.o(Region$$Table)
    Region$$Table$$Limit                     0x08007338   Number         0  anon$$obj.o(Region$$Table)
    __ctype                                  0x08007361   Data           0  lc_ctype_c.o(locale$$data)
    Key                                      0x20000000   Data           6  main.o(.data.Key)
    USER_Driver                              0x20000008   Data          20  user_diskio.o(.data.USER_Driver)
    __libspace_start                         0x20000020   Data          96  libspace.o(.bss)
    __temporary_stack_top$libspace           0x20000080   Data           0  libspace.o(.bss)
    Timer1                                   0x20000097   Data           1  fatfs_sd.o(.bss.Timer1)
    UID                                      0x20000098   Data           5  main.o(.bss.UID)
    USERFatFS                                0x200000a0   Data        4144  fatfs.o(.bss.USERFatFS)
    USERFile                                 0x200010d0   Data        4140  fatfs.o(.bss.USERFile)
    USERPath                                 0x200020fc   Data           4  fatfs.o(.bss.USERPath)
    __stdout                                 0x20002100   Data          84  main.o(.bss.__stdout)
    check                                    0x20002154   Data           4  main.o(.bss.check)
    disk                                     0x20002158   Data          12  ff_gen_drv.o(.bss.disk)
    retUSER                                  0x20002164   Data           1  fatfs.o(.bss.retUSER)
    status                                   0x20002165   Data           1  main.o(.bss.status)
    str                                      0x20002166   Data          16  main.o(.bss.str)



==============================================================================

Memory Map of the image

  Image Entry point : 0x08000261

  Load Region LR_1 (Base: 0x08000000, Size: 0x00007480, Max: 0xffffffff, ABSOLUTE)

    Execution Region ER_RO (Exec base: 0x08000000, Load base: 0x08000000, Size: 0x00007464, Max: 0xffffffff, ABSOLUTE)

    Exec Addr    Load Addr    Size         Type   Attr      Idx    E Section Name        Object

    0x08000000   0x08000000   0x000000ec   Data   RO          795    RESET               startup_stm32f10x_md.o
    0x080000ec   0x080000ec   0x00000008   Code   RO          829  * !!!main             c_w.l(__main.o)
    0x080000f4   0x080000f4   0x0000005c   Code   RO         1172    !!!scatter          c_w.l(__scatter.o)
    0x08000150   0x08000150   0x0000001a   Code   RO         1176    !!handler_copy      c_w.l(__scatter_copy.o)
    0x0800016a   0x0800016a   0x00000002   PAD
    0x0800016c   0x0800016c   0x00000002   Code   RO         1173    !!handler_null      c_w.l(__scatter.o)
    0x0800016e   0x0800016e   0x00000002   PAD
    0x08000170   0x08000170   0x0000001c   Code   RO         1178    !!handler_zi        c_w.l(__scatter_zi.o)
    0x0800018c   0x0800018c   0x00000000   Code   RO          915    .ARM.Collect$$_printf_percent$$00000000  c_w.l(_printf_percent.o)
    0x0800018c   0x0800018c   0x00000006   Code   RO          904    .ARM.Collect$$_printf_percent$$00000001  c_w.l(_printf_n.o)
    0x08000192   0x08000192   0x00000006   Code   RO          906    .ARM.Collect$$_printf_percent$$00000002  c_w.l(_printf_p.o)
    0x08000198   0x08000198   0x00000006   Code   RO          911    .ARM.Collect$$_printf_percent$$00000003  c_w.l(_printf_f.o)
    0x0800019e   0x0800019e   0x00000006   Code   RO          912    .ARM.Collect$$_printf_percent$$00000004  c_w.l(_printf_e.o)
    0x080001a4   0x080001a4   0x00000006   Code   RO          913    .ARM.Collect$$_printf_percent$$00000005  c_w.l(_printf_g.o)
    0x080001aa   0x080001aa   0x00000006   Code   RO          914    .ARM.Collect$$_printf_percent$$00000006  c_w.l(_printf_a.o)
    0x080001b0   0x080001b0   0x0000000a   Code   RO          919    .ARM.Collect$$_printf_percent$$00000007  c_w.l(_printf_ll.o)
    0x080001ba   0x080001ba   0x00000006   Code   RO          908    .ARM.Collect$$_printf_percent$$00000008  c_w.l(_printf_i.o)
    0x080001c0   0x080001c0   0x00000006   Code   RO          909    .ARM.Collect$$_printf_percent$$00000009  c_w.l(_printf_d.o)
    0x080001c6   0x080001c6   0x00000006   Code   RO          910    .ARM.Collect$$_printf_percent$$0000000A  c_w.l(_printf_u.o)
    0x080001cc   0x080001cc   0x00000006   Code   RO          907    .ARM.Collect$$_printf_percent$$0000000B  c_w.l(_printf_o.o)
    0x080001d2   0x080001d2   0x00000006   Code   RO          905    .ARM.Collect$$_printf_percent$$0000000C  c_w.l(_printf_x.o)
    0x080001d8   0x080001d8   0x00000006   Code   RO          916    .ARM.Collect$$_printf_percent$$0000000D  c_w.l(_printf_lli.o)
    0x080001de   0x080001de   0x00000006   Code   RO          917    .ARM.Collect$$_printf_percent$$0000000E  c_w.l(_printf_lld.o)
    0x080001e4   0x080001e4   0x00000006   Code   RO          918    .ARM.Collect$$_printf_percent$$0000000F  c_w.l(_printf_llu.o)
    0x080001ea   0x080001ea   0x00000006   Code   RO          923    .ARM.Collect$$_printf_percent$$00000010  c_w.l(_printf_llo.o)
    0x080001f0   0x080001f0   0x00000006   Code   RO          924    .ARM.Collect$$_printf_percent$$00000011  c_w.l(_printf_llx.o)
    0x080001f6   0x080001f6   0x0000000a   Code   RO          920    .ARM.Collect$$_printf_percent$$00000012  c_w.l(_printf_l.o)
    0x08000200   0x08000200   0x00000006   Code   RO          902    .ARM.Collect$$_printf_percent$$00000013  c_w.l(_printf_c.o)
    0x08000206   0x08000206   0x00000006   Code   RO          903    .ARM.Collect$$_printf_percent$$00000014  c_w.l(_printf_s.o)
    0x0800020c   0x0800020c   0x00000006   Code   RO          921    .ARM.Collect$$_printf_percent$$00000015  c_w.l(_printf_lc.o)
    0x08000212   0x08000212   0x00000006   Code   RO          922    .ARM.Collect$$_printf_percent$$00000016  c_w.l(_printf_ls.o)
    0x08000218   0x08000218   0x00000004   Code   RO          965    .ARM.Collect$$_printf_percent$$00000017  c_w.l(_printf_percent_end.o)
    0x0800021c   0x0800021c   0x00000002   Code   RO         1020    .ARM.Collect$$libinit$$00000000  c_w.l(libinit.o)
    0x0800021e   0x0800021e   0x00000000   Code   RO         1039    .ARM.Collect$$libinit$$00000002  c_w.l(libinit2.o)
    0x0800021e   0x0800021e   0x00000000   Code   RO         1041    .ARM.Collect$$libinit$$00000004  c_w.l(libinit2.o)
    0x0800021e   0x0800021e   0x00000000   Code   RO         1043    .ARM.Collect$$libinit$$00000006  c_w.l(libinit2.o)
    0x0800021e   0x0800021e   0x00000000   Code   RO         1046    .ARM.Collect$$libinit$$0000000C  c_w.l(libinit2.o)
    0x0800021e   0x0800021e   0x00000000   Code   RO         1048    .ARM.Collect$$libinit$$0000000E  c_w.l(libinit2.o)
    0x0800021e   0x0800021e   0x00000000   Code   RO         1050    .ARM.Collect$$libinit$$00000010  c_w.l(libinit2.o)
    0x0800021e   0x0800021e   0x00000006   Code   RO         1051    .ARM.Collect$$libinit$$00000011  c_w.l(libinit2.o)
    0x08000224   0x08000224   0x00000000   Code   RO         1053    .ARM.Collect$$libinit$$00000013  c_w.l(libinit2.o)
    0x08000224   0x08000224   0x0000000c   Code   RO         1054    .ARM.Collect$$libinit$$00000014  c_w.l(libinit2.o)
    0x08000230   0x08000230   0x00000000   Code   RO         1055    .ARM.Collect$$libinit$$00000015  c_w.l(libinit2.o)
    0x08000230   0x08000230   0x00000000   Code   RO         1057    .ARM.Collect$$libinit$$00000017  c_w.l(libinit2.o)
    0x08000230   0x08000230   0x0000000a   Code   RO         1058    .ARM.Collect$$libinit$$00000018  c_w.l(libinit2.o)
    0x0800023a   0x0800023a   0x00000000   Code   RO         1059    .ARM.Collect$$libinit$$00000019  c_w.l(libinit2.o)
    0x0800023a   0x0800023a   0x00000000   Code   RO         1061    .ARM.Collect$$libinit$$0000001B  c_w.l(libinit2.o)
    0x0800023a   0x0800023a   0x00000000   Code   RO         1063    .ARM.Collect$$libinit$$0000001D  c_w.l(libinit2.o)
    0x0800023a   0x0800023a   0x00000000   Code   RO         1065    .ARM.Collect$$libinit$$0000001F  c_w.l(libinit2.o)
    0x0800023a   0x0800023a   0x00000000   Code   RO         1067    .ARM.Collect$$libinit$$00000021  c_w.l(libinit2.o)
    0x0800023a   0x0800023a   0x00000000   Code   RO         1069    .ARM.Collect$$libinit$$00000023  c_w.l(libinit2.o)
    0x0800023a   0x0800023a   0x00000000   Code   RO         1071    .ARM.Collect$$libinit$$00000025  c_w.l(libinit2.o)
    0x0800023a   0x0800023a   0x00000000   Code   RO         1073    .ARM.Collect$$libinit$$00000027  c_w.l(libinit2.o)
    0x0800023a   0x0800023a   0x00000000   Code   RO         1077    .ARM.Collect$$libinit$$0000002E  c_w.l(libinit2.o)
    0x0800023a   0x0800023a   0x00000000   Code   RO         1079    .ARM.Collect$$libinit$$00000030  c_w.l(libinit2.o)
    0x0800023a   0x0800023a   0x00000000   Code   RO         1081    .ARM.Collect$$libinit$$00000032  c_w.l(libinit2.o)
    0x0800023a   0x0800023a   0x00000000   Code   RO         1083    .ARM.Collect$$libinit$$00000034  c_w.l(libinit2.o)
    0x0800023a   0x0800023a   0x00000002   Code   RO         1084    .ARM.Collect$$libinit$$00000035  c_w.l(libinit2.o)
    0x0800023c   0x0800023c   0x00000002   Code   RO         1108    .ARM.Collect$$libshutdown$$00000000  c_w.l(libshutdown.o)
    0x0800023e   0x0800023e   0x00000000   Code   RO         1123    .ARM.Collect$$libshutdown$$00000002  c_w.l(libshutdown2.o)
    0x0800023e   0x0800023e   0x00000000   Code   RO         1125    .ARM.Collect$$libshutdown$$00000004  c_w.l(libshutdown2.o)
    0x0800023e   0x0800023e   0x00000000   Code   RO         1128    .ARM.Collect$$libshutdown$$00000007  c_w.l(libshutdown2.o)
    0x0800023e   0x0800023e   0x00000000   Code   RO         1131    .ARM.Collect$$libshutdown$$0000000A  c_w.l(libshutdown2.o)
    0x0800023e   0x0800023e   0x00000000   Code   RO         1133    .ARM.Collect$$libshutdown$$0000000C  c_w.l(libshutdown2.o)
    0x0800023e   0x0800023e   0x00000000   Code   RO         1136    .ARM.Collect$$libshutdown$$0000000F  c_w.l(libshutdown2.o)
    0x0800023e   0x0800023e   0x00000002   Code   RO         1137    .ARM.Collect$$libshutdown$$00000010  c_w.l(libshutdown2.o)
    0x08000240   0x08000240   0x00000000   Code   RO          831    .ARM.Collect$$rtentry$$00000000  c_w.l(__rtentry.o)
    0x08000240   0x08000240   0x00000000   Code   RO          934    .ARM.Collect$$rtentry$$00000002  c_w.l(__rtentry2.o)
    0x08000240   0x08000240   0x00000006   Code   RO          946    .ARM.Collect$$rtentry$$00000004  c_w.l(__rtentry4.o)
    0x08000246   0x08000246   0x00000000   Code   RO          936    .ARM.Collect$$rtentry$$00000009  c_w.l(__rtentry2.o)
    0x08000246   0x08000246   0x00000004   Code   RO          937    .ARM.Collect$$rtentry$$0000000A  c_w.l(__rtentry2.o)
    0x0800024a   0x0800024a   0x00000000   Code   RO          939    .ARM.Collect$$rtentry$$0000000C  c_w.l(__rtentry2.o)
    0x0800024a   0x0800024a   0x00000008   Code   RO          940    .ARM.Collect$$rtentry$$0000000D  c_w.l(__rtentry2.o)
    0x08000252   0x08000252   0x00000002   Code   RO         1029    .ARM.Collect$$rtexit$$00000000  c_w.l(rtexit.o)
    0x08000254   0x08000254   0x00000000   Code   RO         1086    .ARM.Collect$$rtexit$$00000002  c_w.l(rtexit2.o)
    0x08000254   0x08000254   0x00000004   Code   RO         1087    .ARM.Collect$$rtexit$$00000003  c_w.l(rtexit2.o)
    0x08000258   0x08000258   0x00000006   Code   RO         1088    .ARM.Collect$$rtexit$$00000004  c_w.l(rtexit2.o)
    0x0800025e   0x0800025e   0x00000002   PAD
    0x08000260   0x08000260   0x00000040   Code   RO          796  * .text               startup_stm32f10x_md.o
    0x080002a0   0x080002a0   0x00000018   Code   RO          821    .text               c_w.l(printf.o)
    0x080002b8   0x080002b8   0x0000002c   Code   RO          823    .text               c_w.l(sprintf.o)
    0x080002e4   0x080002e4   0x0000003e   Code   RO          825    .text               c_w.l(strlen.o)
    0x08000322   0x08000322   0x00000006   Code   RO          827    .text               c_w.l(heapauxi.o)
    0x08000328   0x08000328   0x0000004e   Code   RO          834    .text               c_w.l(_printf_pad.o)
    0x08000376   0x08000376   0x00000024   Code   RO          836    .text               c_w.l(_printf_truncate.o)
    0x0800039a   0x0800039a   0x00000052   Code   RO          838    .text               c_w.l(_printf_str.o)
    0x080003ec   0x080003ec   0x00000078   Code   RO          840    .text               c_w.l(_printf_dec.o)
    0x08000464   0x08000464   0x00000028   Code   RO          842    .text               c_w.l(_printf_charcount.o)
    0x0800048c   0x0800048c   0x00000030   Code   RO          844    .text               c_w.l(_printf_char_common.o)
    0x080004bc   0x080004bc   0x0000000a   Code   RO          846    .text               c_w.l(_sputc.o)
    0x080004c6   0x080004c6   0x00000002   PAD
    0x080004c8   0x080004c8   0x00000024   Code   RO          848    .text               c_w.l(_printf_char_file.o)
    0x080004ec   0x080004ec   0x000000bc   Code   RO          850    .text               c_w.l(_printf_wctomb.o)
    0x080005a8   0x080005a8   0x0000007c   Code   RO          853    .text               c_w.l(_printf_longlong_dec.o)
    0x08000624   0x08000624   0x00000070   Code   RO          859    .text               c_w.l(_printf_oct_int_ll.o)
    0x08000694   0x08000694   0x00000094   Code   RO          879    .text               c_w.l(_printf_hex_int_ll_ptr.o)
    0x08000728   0x08000728   0x00000188   Code   RO          899    .text               c_w.l(__printf_flags_ss_wp.o)
    0x080008b0   0x080008b0   0x0000008a   Code   RO          948    .text               c_w.l(lludiv10.o)
    0x0800093a   0x0800093a   0x000000b2   Code   RO          950    .text               c_w.l(_printf_intcommon.o)
    0x080009ec   0x080009ec   0x0000041c   Code   RO          952    .text               c_w.l(_printf_fp_dec.o)
    0x08000e08   0x08000e08   0x000002fc   Code   RO          956    .text               c_w.l(_printf_fp_hex.o)
    0x08001104   0x08001104   0x0000002c   Code   RO          961    .text               c_w.l(_printf_char.o)
    0x08001130   0x08001130   0x0000002c   Code   RO          963    .text               c_w.l(_printf_wchar.o)
    0x0800115c   0x0800115c   0x00000008   Code   RO          966    .text               c_w.l(ferror.o)
    0x08001164   0x08001164   0x00000048   Code   RO          970    .text               c_w.l(_c16rtomb.o)
    0x080011ac   0x080011ac   0x0000004a   Code   RO          972    .text               c_w.l(sys_stackheap_outer.o)
    0x080011f6   0x080011f6   0x00000002   PAD
    0x080011f8   0x080011f8   0x00000010   Code   RO          974    .text               c_w.l(rt_ctype_table.o)
    0x08001208   0x08001208   0x00000008   Code   RO          979    .text               c_w.l(rt_locale_intlibspace.o)
    0x08001210   0x08001210   0x00000080   Code   RO          981    .text               c_w.l(_printf_fp_infnan.o)
    0x08001290   0x08001290   0x000000e4   Code   RO          983    .text               c_w.l(bigflt0.o)
    0x08001374   0x08001374   0x00000012   Code   RO         1013    .text               c_w.l(exit.o)
    0x08001386   0x08001386   0x00000002   PAD
    0x08001388   0x08001388   0x00000008   Code   RO         1026    .text               c_w.l(libspace.o)
    0x08001390   0x08001390   0x00000080   Code   RO         1036    .text               c_w.l(strcmpv7m.o)
    0x08001410   0x08001410   0x0000000c   Code   RO         1098    .text               c_w.l(sys_exit.o)
    0x0800141c   0x0800141c   0x00000002   Code   RO         1113    .text               c_w.l(use_no_semi.o)
    0x0800141e   0x0800141e   0x00000000   Code   RO         1115    .text               c_w.l(indicate_semi.o)
    0x0800141e   0x0800141e   0x00000002   PAD
    0x08001420   0x08001420   0x00000018   Code   RO           52    .text.AntennaOn     rc522.o
    0x08001438   0x08001438   0x000000b4   Code   RO           68    .text.CalulateCRC   rc522.o
    0x080014ec   0x080014ec   0x0000002e   Code   RO           50    .text.ClearBitMask  rc522.o
    0x0800151a   0x0800151a   0x00000002   PAD
    0x0800151c   0x0800151c   0x00000012   Code   RO          300    .text.DESELECT      fatfs_sd.o
    0x0800152e   0x0800152e   0x00000002   PAD
    0x08001530   0x08001530   0x00000016   Code   RO          338    .text.FATFS_LinkDriver  ff_gen_drv.o
    0x08001546   0x08001546   0x00000002   PAD
    0x08001548   0x08001548   0x0000007c   Code   RO          336    .text.FATFS_LinkDriverEx  ff_gen_drv.o
    0x080015c4   0x080015c4   0x00000186   Code   RO          375    .text.GPIO_Init     stm32f10x_gpio.o
    0x0800174a   0x0800174a   0x00000002   PAD
    0x0800174c   0x0800174c   0x00000014   Code   RO          389    .text.GPIO_ResetBits  stm32f10x_gpio.o
    0x08001760   0x08001760   0x00000014   Code   RO          387    .text.GPIO_SetBits  stm32f10x_gpio.o
    0x08001774   0x08001774   0x00000092   Code   RO           66    .text.MFRC522_Anticoll  rc522.o
    0x08001806   0x08001806   0x00000002   PAD
    0x08001808   0x08001808   0x000000be   Code   RO           72    .text.MFRC522_Auth  rc522.o
    0x080018c6   0x080018c6   0x00000002   PAD
    0x080018c8   0x080018c8   0x00000096   Code   RO           60    .text.MFRC522_Init  rc522.o
    0x0800195e   0x0800195e   0x00000002   PAD
    0x08001960   0x08001960   0x00000050   Code   RO           64    .text.MFRC522_Request  rc522.o
    0x080019b0   0x080019b0   0x0000000c   Code   RO           56    .text.MFRC522_Reset  rc522.o
    0x080019bc   0x080019bc   0x0000008a   Code   RO           58    .text.MFRC522_SPI_Init  rc522.o
    0x08001a46   0x08001a46   0x00000002   PAD
    0x08001a48   0x08001a48   0x00000090   Code   RO           70    .text.MFRC522_SelectTag  rc522.o
    0x08001ad8   0x08001ad8   0x000001fe   Code   RO           62    .text.MFRC522_ToCard  rc522.o
    0x08001cd6   0x08001cd6   0x00000002   PAD
    0x08001cd8   0x08001cd8   0x00000022   Code   RO          106    .text.MX_FATFS_Init  fatfs.o
    0x08001cfa   0x08001cfa   0x00000002   PAD
    0x08001cfc   0x08001cfc   0x00000056   Code   RO           42    .text.RC522_SPI_Transfer  rc522.o
    0x08001d52   0x08001d52   0x00000002   PAD
    0x08001d54   0x08001d54   0x00000038   Code   RO          460    .text.RCC_APB1PeriphClockCmd  stm32f10x_rcc.o
    0x08001d8c   0x08001d8c   0x00000038   Code   RO          458    .text.RCC_APB2PeriphClockCmd  stm32f10x_rcc.o
    0x08001dc4   0x08001dc4   0x00000172   Code   RO          454    .text.RCC_GetClocksFreq  stm32f10x_rcc.o
    0x08001f36   0x08001f36   0x00000002   PAD
    0x08001f38   0x08001f38   0x00000046   Code   RO           46    .text.Read_MFRC522  rc522.o
    0x08001f7e   0x08001f7e   0x00000002   PAD
    0x08001f80   0x08001f80   0x0000000c   Code   RO          316    .text.SD_CheckPower  fatfs_sd.o
    0x08001f8c   0x08001f8c   0x0000000e   Code   RO          302    .text.SD_PowerOff   fatfs_sd.o
    0x08001f9a   0x08001f9a   0x00000002   PAD
    0x08001f9c   0x08001f9c   0x000000b8   Code   RO          292    .text.SD_PowerOn    fatfs_sd.o
    0x08002054   0x08002054   0x0000004c   Code   RO          318    .text.SD_ReadyWait  fatfs_sd.o
    0x080020a0   0x080020a0   0x0000008e   Code   RO          308    .text.SD_RxDataBlock  fatfs_sd.o
    0x0800212e   0x0800212e   0x00000002   PAD
    0x08002130   0x08002130   0x000000b4   Code   RO           17    .text.SD_SPI1_Init  main.o
    0x080021e4   0x080021e4   0x000000da   Code   RO          296    .text.SD_SendCmd    fatfs_sd.o
    0x080022be   0x080022be   0x00000002   PAD
    0x080022c0   0x080022c0   0x000000d4   Code   RO          312    .text.SD_TxDataBlock  fatfs_sd.o
    0x08002394   0x08002394   0x00000244   Code   RO          290    .text.SD_disk_initialize  fatfs_sd.o
    0x080025d8   0x080025d8   0x0000023e   Code   RO          314    .text.SD_disk_ioctl  fatfs_sd.o
    0x08002816   0x08002816   0x00000002   PAD
    0x08002818   0x08002818   0x000000e2   Code   RO          306    .text.SD_disk_read  fatfs_sd.o
    0x080028fa   0x080028fa   0x00000002   PAD
    0x080028fc   0x080028fc   0x0000002e   Code   RO          304    .text.SD_disk_status  fatfs_sd.o
    0x0800292a   0x0800292a   0x00000002   PAD
    0x0800292c   0x0800292c   0x00000126   Code   RO          310    .text.SD_disk_write  fatfs_sd.o
    0x08002a52   0x08002a52   0x00000002   PAD
    0x08002a54   0x08002a54   0x00000012   Code   RO          294    .text.SELECT        fatfs_sd.o
    0x08002a66   0x08002a66   0x00000002   PAD
    0x08002a68   0x08002a68   0x0000002c   Code   RO          497    .text.SPI_Cmd       stm32f10x_spi.o
    0x08002a94   0x08002a94   0x00000036   Code   RO          525    .text.SPI_I2S_GetFlagStatus  stm32f10x_spi.o
    0x08002aca   0x08002aca   0x00000002   PAD
    0x08002acc   0x08002acc   0x0000000c   Code   RO          507    .text.SPI_I2S_ReceiveData  stm32f10x_spi.o
    0x08002ad8   0x08002ad8   0x00000014   Code   RO          505    .text.SPI_I2S_SendData  stm32f10x_spi.o
    0x08002aec   0x08002aec   0x00000068   Code   RO          489    .text.SPI_Init      stm32f10x_spi.o
    0x08002b54   0x08002b54   0x00000064   Code   RO          298    .text.SPI_RxByte    fatfs_sd.o
    0x08002bb8   0x08002bb8   0x00000012   Code   RO          322    .text.SPI_RxBytePtr  fatfs_sd.o
    0x08002bca   0x08002bca   0x00000002   PAD
    0x08002bcc   0x08002bcc   0x0000004a   Code   RO          320    .text.SPI_TxByte    fatfs_sd.o
    0x08002c16   0x08002c16   0x00000002   PAD
    0x08002c18   0x08002c18   0x0000002e   Code   RO           48    .text.SetBitMask    rc522.o
    0x08002c46   0x08002c46   0x00000002   PAD
    0x08002c48   0x08002c48   0x00000008   Code   RO          805    .text.SetSysClock   system_stm32f10x.o
    0x08002c50   0x08002c50   0x00000122   Code   RO          809    .text.SetSysClockTo72  system_stm32f10x.o
    0x08002d72   0x08002d72   0x00000002   PAD
    0x08002d74   0x08002d74   0x00000066   Code   RO          803    .text.SystemInit    system_stm32f10x.o
    0x08002dda   0x08002dda   0x00000002   PAD
    0x08002ddc   0x08002ddc   0x0000002c   Code   RO          582    .text.TIM_Cmd       stm32f10x_tim.o
    0x08002e08   0x08002e08   0x0000000c   Code   RO          710    .text.TIM_GetCounter  stm32f10x_tim.o
    0x08002e14   0x08002e14   0x00000140   Code   RO          546    .text.TIM_OC2Init   stm32f10x_tim.o
    0x08002f54   0x08002f54   0x0000003e   Code   RO          632    .text.TIM_OC2PreloadConfig  stm32f10x_tim.o
    0x08002f92   0x08002f92   0x00000002   PAD
    0x08002f94   0x08002f94   0x00000014   Code   RO          694    .text.TIM_SetCompare2  stm32f10x_tim.o
    0x08002fa8   0x08002fa8   0x00000014   Code   RO          688    .text.TIM_SetCounter  stm32f10x_tim.o
    0x08002fbc   0x08002fbc   0x00000142   Code   RO          542    .text.TIM_TimeBaseInit  stm32f10x_tim.o
    0x080030fe   0x080030fe   0x00000002   PAD
    0x08003100   0x08003100   0x00000096   Code   RO           98    .text.Tim_PWMinit   pwm.o
    0x08003196   0x08003196   0x00000002   PAD
    0x08003198   0x08003198   0x00000046   Code   RO           89    .text.Tim_init      delay.o
    0x080031de   0x080031de   0x00000002   PAD
    0x080031e0   0x080031e0   0x000000a8   Code   RO            2    .text.UART_Config_debug  uart_debug.o
    0x08003288   0x08003288   0x0000002c   Code   RO          739    .text.USART_Cmd     stm32f10x_usart.o
    0x080032b4   0x080032b4   0x00000044   Code   RO          779    .text.USART_GetFlagStatus  stm32f10x_usart.o
    0x080032f8   0x080032f8   0x0000015c   Code   RO          731    .text.USART_Init    stm32f10x_usart.o
    0x08003454   0x08003454   0x00000018   Code   RO          755    .text.USART_SendData  stm32f10x_usart.o
    0x0800346c   0x0800346c   0x00000014   Code   RO          253    .text.USER_initialize  user_diskio.o
    0x08003480   0x08003480   0x00000020   Code   RO          261    .text.USER_ioctl    user_diskio.o
    0x080034a0   0x080034a0   0x00000020   Code   RO          257    .text.USER_read     user_diskio.o
    0x080034c0   0x080034c0   0x00000014   Code   RO          255    .text.USER_status   user_diskio.o
    0x080034d4   0x080034d4   0x00000020   Code   RO          259    .text.USER_write    user_diskio.o
    0x080034f4   0x080034f4   0x00000042   Code   RO           44    .text.Write_MFRC522  rc522.o
    0x08003536   0x08003536   0x00000002   PAD
    0x08003538   0x08003538   0x000000ba   Code   RO          227    .text.check_fs      ff.o
    0x080035f2   0x080035f2   0x00000002   PAD
    0x080035f4   0x080035f4   0x0000003c   Code   RO          233    .text.chk_chr       ff.o
    0x08003630   0x08003630   0x0000011c   Code   RO          143    .text.chk_lock      ff.o
    0x0800374c   0x0800374c   0x0000004e   Code   RO          135    .text.clear_lock    ff.o
    0x0800379a   0x0800379a   0x00000002   PAD
    0x0800379c   0x0800379c   0x00000078   Code   RO          161    .text.clmt_clust    ff.o
    0x08003814   0x08003814   0x00000042   Code   RO          123    .text.clust2sect    ff.o
    0x08003856   0x08003856   0x00000002   PAD
    0x08003858   0x08003858   0x0000016e   Code   RO          167    .text.create_chain  ff.o
    0x080039c6   0x080039c6   0x00000002   PAD
    0x080039c8   0x080039c8   0x0000021e   Code   RO          229    .text.create_name   ff.o
    0x08003be6   0x08003be6   0x00000002   PAD
    0x08003be8   0x08003be8   0x00000034   Code   RO           87    .text.delay_ms      delay.o
    0x08003c1c   0x08003c1c   0x000000ac   Code   RO          237    .text.dir_alloc     ff.o
    0x08003cc8   0x08003cc8   0x000000b4   Code   RO          231    .text.dir_find      ff.o
    0x08003d7c   0x08003d7c   0x0000026e   Code   RO          191    .text.dir_next      ff.o
    0x08003fea   0x08003fea   0x00000002   PAD
    0x08003fec   0x08003fec   0x00000078   Code   RO          147    .text.dir_register  ff.o
    0x08004064   0x08004064   0x00000198   Code   RO          181    .text.dir_sdi       ff.o
    0x080041fc   0x080041fc   0x00000050   Code   RO          273    .text.disk_initialize  diskio.o
    0x0800424c   0x0800424c   0x0000003a   Code   RO          279    .text.disk_ioctl    diskio.o
    0x08004286   0x08004286   0x00000002   PAD
    0x08004288   0x08004288   0x0000003c   Code   RO          275    .text.disk_read     diskio.o
    0x080042c4   0x080042c4   0x0000002e   Code   RO          271    .text.disk_status   diskio.o
    0x080042f2   0x080042f2   0x00000002   PAD
    0x080042f4   0x080042f4   0x0000003c   Code   RO          277    .text.disk_write    diskio.o
    0x08004330   0x08004330   0x0000004c   Code   RO          145    .text.enq_lock      ff.o
    0x0800437c   0x0800437c   0x000005cc   Code   RO          177    .text.f_lseek       ff.o
    0x08004948   0x08004948   0x000000ac   Code   RO          131    .text.f_mount       ff.o
    0x080049f4   0x080049f4   0x00000428   Code   RO          139    .text.f_open        ff.o
    0x08004e1c   0x08004e1c   0x00000154   Code   RO          169    .text.f_sync        ff.o
    0x08004f70   0x08004f70   0x00000428   Code   RO          165    .text.f_write       ff.o
    0x08005398   0x08005398   0x00000566   Code   RO          137    .text.find_volume   ff.o
    0x080058fe   0x080058fe   0x00000002   PAD
    0x08005900   0x08005900   0x000000fc   Code   RO          141    .text.follow_path   ff.o
    0x080059fc   0x080059fc   0x00000034   Code   RO           15    .text.fputc         main.o
    0x08005a30   0x08005a30   0x0000018e   Code   RO          125    .text.get_fat       ff.o
    0x08005bbe   0x08005bbe   0x00000002   PAD
    0x08005bc0   0x08005bc0   0x00000004   Code   RO          110    .text.get_fattime   fatfs.o
    0x08005bc4   0x08005bc4   0x000000a8   Code   RO          133    .text.get_ldnumber  ff.o
    0x08005c6c   0x08005c6c   0x00000198   Code   RO          155    .text.inc_lock      ff.o
    0x08005e04   0x08005e04   0x00000034   Code   RO          149    .text.ld_clust      ff.o
    0x08005e38   0x08005e38   0x0000038a   Code   RO           19    .text.main          main.o
    0x080061c2   0x080061c2   0x00000002   PAD
    0x080061c4   0x080061c4   0x00000052   Code   RO          235    .text.mem_cmp       ff.o
    0x08006216   0x08006216   0x00000002   PAD
    0x08006218   0x08006218   0x00000032   Code   RO          163    .text.mem_cpy       ff.o
    0x0800624a   0x0800624a   0x00000002   PAD
    0x0800624c   0x0800624c   0x00000028   Code   RO          207    .text.mem_set       ff.o
    0x08006274   0x08006274   0x00000068   Code   RO          127    .text.move_window   ff.o
    0x080062dc   0x080062dc   0x0000023c   Code   RO          129    .text.put_fat       ff.o
    0x08006518   0x08006518   0x000000c4   Code   RO          153    .text.remove_chain  ff.o
    0x080065dc   0x080065dc   0x00000028   Code   RO          151    .text.st_clust      ff.o
    0x08006604   0x08006604   0x00000136   Code   RO          171    .text.sync_fs       ff.o
    0x0800673a   0x0800673a   0x00000002   PAD
    0x0800673c   0x0800673c   0x000000ac   Code   RO          205    .text.sync_window   ff.o
    0x080067e8   0x080067e8   0x00000074   Code   RO          159    .text.validate      ff.o
    0x0800685c   0x0800685c   0x0000003e   Code   RO          986    CL$$btod_d2e        c_w.l(btod.o)
    0x0800689a   0x0800689a   0x00000046   Code   RO          988    CL$$btod_d2e_denorm_low  c_w.l(btod.o)
    0x080068e0   0x080068e0   0x00000060   Code   RO          987    CL$$btod_d2e_norm_op1  c_w.l(btod.o)
    0x08006940   0x08006940   0x00000338   Code   RO          996    CL$$btod_div_common  c_w.l(btod.o)
    0x08006c78   0x08006c78   0x000000dc   Code   RO          993    CL$$btod_e2e        c_w.l(btod.o)
    0x08006d54   0x08006d54   0x0000002a   Code   RO          990    CL$$btod_ediv       c_w.l(btod.o)
    0x08006d7e   0x08006d7e   0x0000002a   Code   RO          989    CL$$btod_emul       c_w.l(btod.o)
    0x08006da8   0x08006da8   0x00000244   Code   RO          995    CL$$btod_mult_common  c_w.l(btod.o)
    0x08006fec   0x08006fec   0x00000028   Code   RO         1024    i.__ARM_fpclassify  m_ws.l(fpclassify.o)
    0x08007014   0x08007014   0x0000000e   Code   RO          892    i._is_digit         c_w.l(__printf_wp.o)
    0x08007022   0x08007022   0x00000002   PAD
    0x08007024   0x08007024   0x0000002c   Code   RO         1011    locale$$code        c_w.l(lc_numeric_c.o)
    0x08007050   0x08007050   0x0000002c   Code   RO         1034    locale$$code        c_w.l(lc_ctype_c.o)
    0x0800707c   0x0800707c   0x00000004   Code   RO          925    x$fpl$printf1       fz_ws.l(printf1.o)
    0x08007080   0x08007080   0x00000004   Code   RO          927    x$fpl$printf2       fz_ws.l(printf2.o)
    0x08007084   0x08007084   0x00000000   Code   RO         1023    x$fpl$usenofp       fz_ws.l(usenofp.o)
    0x08007084   0x08007084   0x00000008   Data   RO          851    .constdata          c_w.l(_printf_wctomb.o)
    0x0800708c   0x0800708c   0x00000028   Data   RO          880    .constdata          c_w.l(_printf_hex_int_ll_ptr.o)
    0x080070b4   0x080070b4   0x00000011   Data   RO          900    .constdata          c_w.l(__printf_flags_ss_wp.o)
    0x080070c5   0x080070c5   0x00000026   Data   RO          957    .constdata          c_w.l(_printf_fp_hex.o)
    0x080070eb   0x080070eb   0x00000001   PAD
    0x080070ec   0x080070ec   0x00000094   Data   RO          984    .constdata          c_w.l(bigflt0.o)
    0x08007180   0x08007180   0x00000004   Data   RO          479    .rodata.ADCPrescTable  stm32f10x_rcc.o
    0x08007184   0x08007184   0x00000010   Data   RO          478    .rodata.APBAHBPrescTable  stm32f10x_rcc.o
    0x08007194   0x08007194   0x00000080   Data   RO          245    .rodata.ExCvt       ff.o
    0x08007214   0x08007214   0x000000bf   Data   RO           28    .rodata.str1.1      main.o
    0x080072d3   0x080072d3   0x00000043   Data   RO          242    .rodata.str1.1      ff.o
    0x08007316   0x08007316   0x00000002   PAD
    0x08007318   0x08007318   0x00000020   Data   RO         1171    Region$$Table       anon$$obj.o
    0x08007338   0x08007338   0x0000001c   Data   RO         1010    locale$$data        c_w.l(lc_numeric_c.o)
    0x08007354   0x08007354   0x00000110   Data   RO         1033    locale$$data        c_w.l(lc_ctype_c.o)


    Execution Region ER_RW (Exec base: 0x20000000, Load base: 0x08007464, Size: 0x0000001c, Max: 0xffffffff, ABSOLUTE)

    Exec Addr    Load Addr    Size         Type   Attr      Idx    E Section Name        Object

    0x20000000   0x08007464   0x00000006   Data   RW           23    .data.Key           main.o
    0x20000006   0x0800746a   0x00000001   Data   RW          324    .data.Stat          fatfs_sd.o
    0x20000007   0x0800746b   0x00000001   PAD
    0x20000008   0x0800746c   0x00000014   Data   RW          263    .data.USER_Driver   user_diskio.o


    Execution Region ER_ZI (Exec base: 0x20000020, Load base: 0x08007480, Size: 0x00002758, Max: 0xffffffff, ABSOLUTE)

    Exec Addr    Load Addr    Size         Type   Attr      Idx    E Section Name        Object

    0x20000020        -       0x00000060   Zero   RW         1027    .bss                c_w.l(libspace.o)
    0x20000080        -       0x00000001   Zero   RW          326    .bss.CardType       fatfs_sd.o
    0x20000081   0x08007480   0x00000003   PAD
    0x20000084        -       0x00000004   Zero   RW          239    .bss.FatFs          ff.o
    0x20000088        -       0x0000000c   Zero   RW          243    .bss.Files          ff.o
    0x20000094        -       0x00000002   Zero   RW          244    .bss.Fsid           ff.o
    0x20000096        -       0x00000001   Zero   RW          328    .bss.PowerFlag      fatfs_sd.o
    0x20000097        -       0x00000001   Zero   RW          325    .bss.Timer1         fatfs_sd.o
    0x20000098        -       0x00000005   Zero   RW           31    .bss.UID            main.o
    0x2000009d   0x08007480   0x00000003   PAD
    0x200000a0        -       0x00001030   Zero   RW          114    .bss.USERFatFS      fatfs.o
    0x200010d0        -       0x0000102c   Zero   RW          115    .bss.USERFile       fatfs.o
    0x200020fc        -       0x00000004   Zero   RW          112    .bss.USERPath       fatfs.o
    0x20002100        -       0x00000054   Zero   RW           32    .bss.__stdout       main.o
    0x20002154        -       0x00000004   Zero   RW           27    .bss.check          main.o
    0x20002158        -       0x0000000c   Zero   RW          346    .bss.disk           ff_gen_drv.o
    0x20002164        -       0x00000001   Zero   RW          113    .bss.retUSER        fatfs.o
    0x20002165        -       0x00000001   Zero   RW           29    .bss.status         main.o
    0x20002166        -       0x00000010   Zero   RW           30    .bss.str            main.o
    0x20002176   0x08007480   0x00000002   PAD
    0x20002178        -       0x00000200   Zero   RW          794    HEAP                startup_stm32f10x_md.o
    0x20002378        -       0x00000400   Zero   RW          793    STACK               startup_stm32f10x_md.o


==============================================================================

Image component sizes


      Code (inc. data)   RO Data    RW Data    ZI Data      Debug   Object Name

       122          0          0          0          0       2161   delay.o
       304          0          0          0          0       1664   diskio.o
        38          0          0          0       8289       1897   fatfs.o
      2806         14          0          1          3       6538   fatfs_sd.o
     11746          0        195          0         18      30244   ff.o
       146          0          0          0         12       2195   ff_gen_drv.o
      1138          0        191          6        110       5358   main.o
       150          0          0          0          0       2959   pwm.o
      1888          0          0          0          0       6994   rc522.o
        64         26        236          0       1536        828   startup_stm32f10x_md.o
       430          0          0          0          0       5728   stm32f10x_gpio.o
       482          0         20          0          0       7056   stm32f10x_rcc.o
       234          0          0          0          0       6640   stm32f10x_spi.o
       800          0          0          0          0      20431   stm32f10x_tim.o
       484          0          0          0          0       7529   stm32f10x_usart.o
       400          0          0          0          0       2984   system_stm32f10x.o
       168          0          0          0          0       2567   uart_debug.o
       136          0          0         20          0       1729   user_diskio.o

    ----------------------------------------------------------------------
     21628         40        676         28       9976     115502   Object Totals
         0          0         32          0          0          0   (incl. Generated)
        92          0          2          1          8          0   (incl. Padding)

    ----------------------------------------------------------------------

      Code (inc. data)   RO Data    RW Data    ZI Data      Debug   Library Member Name

         8          0          0          0          0         68   __main.o
       392          4         17          0          0         92   __printf_flags_ss_wp.o
        14          0          0          0          0         68   __printf_wp.o
         0          0          0          0          0          0   __rtentry.o
        12          0          0          0          0          0   __rtentry2.o
         6          0          0          0          0          0   __rtentry4.o
        94          8          0          0          0          0   __scatter.o
        26          0          0          0          0          0   __scatter_copy.o
        28          0          0          0          0          0   __scatter_zi.o
        72          0          0          0          0         96   _c16rtomb.o
         6          0          0          0          0          0   _printf_a.o
         6          0          0          0          0          0   _printf_c.o
        44          0          0          0          0        108   _printf_char.o
        48          6          0          0          0         96   _printf_char_common.o
        36          4          0          0          0         80   _printf_char_file.o
        40          0          0          0          0         68   _printf_charcount.o
         6          0          0          0          0          0   _printf_d.o
       120         16          0          0          0         92   _printf_dec.o
         6          0          0          0          0          0   _printf_e.o
         6          0          0          0          0          0   _printf_f.o
      1052          0          0          0          0        148   _printf_fp_dec.o
       764          8         38          0          0        100   _printf_fp_hex.o
       128         16          0          0          0         84   _printf_fp_infnan.o
         6          0          0          0          0          0   _printf_g.o
       148          4         40          0          0        160   _printf_hex_int_ll_ptr.o
         6          0          0          0          0          0   _printf_i.o
       178          0          0          0          0         88   _printf_intcommon.o
        10          0          0          0          0          0   _printf_l.o
         6          0          0          0          0          0   _printf_lc.o
        10          0          0          0          0          0   _printf_ll.o
         6          0          0          0          0          0   _printf_lld.o
         6          0          0          0          0          0   _printf_lli.o
         6          0          0          0          0          0   _printf_llo.o
         6          0          0          0          0          0   _printf_llu.o
         6          0          0          0          0          0   _printf_llx.o
       124         16          0          0          0         92   _printf_longlong_dec.o
         6          0          0          0          0          0   _printf_ls.o
         6          0          0          0          0          0   _printf_n.o
         6          0          0          0          0          0   _printf_o.o
       112          8          0          0          0        124   _printf_oct_int_ll.o
         6          0          0          0          0          0   _printf_p.o
        78          0          0          0          0        108   _printf_pad.o
         0          0          0          0          0          0   _printf_percent.o
         4          0          0          0          0          0   _printf_percent_end.o
         6          0          0          0          0          0   _printf_s.o
        82          0          0          0          0         80   _printf_str.o
        36          0          0          0          0         84   _printf_truncate.o
         6          0          0          0          0          0   _printf_u.o
        44          0          0          0          0        108   _printf_wchar.o
       188          6          8          0          0         92   _printf_wctomb.o
         6          0          0          0          0          0   _printf_x.o
        10          0          0          0          0         68   _sputc.o
       228          4        148          0          0         96   bigflt0.o
      1936        128          0          0          0        668   btod.o
        18          0          0          0          0         80   exit.o
         8          0          0          0          0         68   ferror.o
         6          0          0          0          0        152   heapauxi.o
         0          0          0          0          0          0   indicate_semi.o
        44         10        272          0          0         76   lc_ctype_c.o
        44         10         28          0          0         76   lc_numeric_c.o
         2          0          0          0          0          0   libinit.o
        30          0          0          0          0          0   libinit2.o
         2          0          0          0          0          0   libshutdown.o
         2          0          0          0          0          0   libshutdown2.o
         8          4          0          0         96         68   libspace.o
       138          0          0          0          0         80   lludiv10.o
        24          4          0          0          0         84   printf.o
        16          4          0          0          0         76   rt_ctype_table.o
         8          4          0          0          0         68   rt_locale_intlibspace.o
         2          0          0          0          0          0   rtexit.o
        10          0          0          0          0          0   rtexit2.o
        44          6          0          0          0         84   sprintf.o
       128          0          0          0          0         68   strcmpv7m.o
        62          0          0          0          0         76   strlen.o
        12          4          0          0          0         68   sys_exit.o
        74          0          0          0          0         80   sys_stackheap_outer.o
         2          0          0          0          0         68   use_no_semi.o
         4          0          0          0          0         68   printf1.o
         4          0          0          0          0         68   printf2.o
         0          0          0          0          0          0   usenofp.o
        40          0          0          0          0         68   fpclassify.o

    ----------------------------------------------------------------------
      6940        274        552          0         96       4344   Library Totals
        16          0          1          0          0          0   (incl. Padding)

    ----------------------------------------------------------------------

      Code (inc. data)   RO Data    RW Data    ZI Data      Debug   Library Name

      6876        274        551          0         96       4140   c_w.l
         8          0          0          0          0        136   fz_ws.l
        40          0          0          0          0         68   m_ws.l

    ----------------------------------------------------------------------
      6940        274        552          0         96       4344   Library Totals

    ----------------------------------------------------------------------

==============================================================================


      Code (inc. data)   RO Data    RW Data    ZI Data      Debug   

     28568        314       1228         28      10072     117250   Grand Totals
     28568        314       1228         28      10072     117250   ELF Image Totals
     28568        314       1228         28          0          0   ROM Totals

==============================================================================

    Total RO  Size (Code + RO Data)                29796 (  29.10kB)
    Total RW  Size (RW Data + ZI Data)             10100 (   9.86kB)
    Total ROM Size (Code + RO Data + RW Data)      29824 (  29.12kB)

==============================================================================

